[RSE] run start torus=0 ts=1767287943
[RSE] run cfg net_mode=none timeout=60 shm_size=65536
[RSE] run build_dir=/home/gorygrey/Apps/RSE/build/net_exchange/torus0
[RSE] run shm_path=/home/gorygrey/Apps/RSE/build/net_exchange/ivshmem.bin
mkdir -p /home/gorygrey/Apps/RSE/build/net_exchange/torus0
gcc -Wall -Wextra -O2 -ffreestanding -fno-stack-protector -fno-pic -fno-pie -mno-red-zone -fno-builtin -nostdlib -std=c11 -nostdlib -Wl,-T,/home/gorygrey/Apps/RSE/boot/init_user.ld -no-pie -o /home/gorygrey/Apps/RSE/build/net_exchange/torus0/init_user.elf /home/gorygrey/Apps/RSE/boot/init_user.c
cd /home/gorygrey/Apps/RSE/build/net_exchange/torus0 && objcopy -I binary -O elf64-x86-64 -B i386:x86-64 init_user.elf init_user_blob.o
gcc -Wall -Wextra -O2 -ffreestanding -fno-stack-protector -fno-pic -fno-pie -mno-red-zone -mcmodel=kernel -nostdlib -nostartfiles -fno-builtin -std=c11 -I/usr/include/efi -I/usr/include/efi/x86_64 -DHAVE_USE_MS_ABI -DRSE_TORUS_ID=0 -DRSE_NET_EXCHANGE=0 -DRSE_SHM_EXCHANGE=1 -DRSE_NET_RAW=0 -DRSE_ENABLE_USERMODE=1 -DRSE_AUTO_EXIT=1 -DRSE_BENCH_SMOKE=1 -c /home/gorygrey/Apps/RSE/boot/kernel.c -o /home/gorygrey/Apps/RSE/build/net_exchange/torus0/kernel.o
/home/gorygrey/Apps/RSE/boot/kernel.c:4514:13: warning: ‘bench_virtio_block’ defined but not used [-Wunused-function]
 4514 | static void bench_virtio_block(void) {
      |             ^~~~~~~~~~~~~~~~~~
/home/gorygrey/Apps/RSE/boot/kernel.c:4397:13: warning: ‘bench_uefi_block’ defined but not used [-Wunused-function]
 4397 | static void bench_uefi_block(struct rse_boot_info *boot_info) {
      |             ^~~~~~~~~~~~~~~~
/home/gorygrey/Apps/RSE/boot/kernel.c:4296:13: warning: ‘bench_uefi_fs’ defined but not used [-Wunused-function]
 4296 | static void bench_uefi_fs(struct rse_boot_info *boot_info) {
      |             ^~~~~~~~~~~~~
gcc -Wall -Wextra -O2 -ffreestanding -fno-stack-protector -fno-pic -fno-pie -mno-red-zone -mcmodel=kernel -nostdlib -nostartfiles -fno-builtin -std=c11 -I/usr/include/efi -I/usr/include/efi/x86_64 -DHAVE_USE_MS_ABI -DRSE_TORUS_ID=0 -DRSE_NET_EXCHANGE=0 -DRSE_SHM_EXCHANGE=1 -DRSE_NET_RAW=0 -DRSE_ENABLE_USERMODE=1 -DRSE_AUTO_EXIT=1 -DRSE_BENCH_SMOKE=1 -c /home/gorygrey/Apps/RSE/boot/init.c -o /home/gorygrey/Apps/RSE/build/net_exchange/torus0/init.o
g++ -Wall -Wextra -O2 -ffreestanding -fno-stack-protector -fno-pic -fno-pie -mno-red-zone -mcmodel=kernel -nostdlib -nostartfiles -fno-builtin -std=c++20 -fno-exceptions -fno-rtti -fno-use-cxa-atexit -DRSE_KERNEL -DRSE_TORUS_ID=0 -DRSE_NET_EXCHANGE=0 -DRSE_SHM_EXCHANGE=1 -DRSE_NET_RAW=0 -DRSE_ENABLE_USERMODE=1 -DRSE_AUTO_EXIT=1 -DRSE_BENCH_SMOKE=1 -c /home/gorygrey/Apps/RSE/boot/kernel_os.cpp -o /home/gorygrey/Apps/RSE/build/net_exchange/torus0/kernel_os.o
g++ -Wall -Wextra -O2 -ffreestanding -fno-stack-protector -fno-pic -fno-pie -mno-red-zone -mcmodel=kernel -nostdlib -nostartfiles -fno-builtin -std=c++20 -fno-exceptions -fno-rtti -fno-use-cxa-atexit -DRSE_KERNEL -DRSE_TORUS_ID=0 -DRSE_NET_EXCHANGE=0 -DRSE_SHM_EXCHANGE=1 -DRSE_NET_RAW=0 -DRSE_ENABLE_USERMODE=1 -DRSE_AUTO_EXIT=1 -DRSE_BENCH_SMOKE=1 -c /home/gorygrey/Apps/RSE/boot/net_projection.cpp -o /home/gorygrey/Apps/RSE/build/net_exchange/torus0/net_projection.o
gcc -Wall -Wextra -O2 -ffreestanding -fno-stack-protector -fno-pic -fno-pie -mno-red-zone -mcmodel=kernel -nostdlib -nostartfiles -fno-builtin -std=c11 -I/usr/include/efi -I/usr/include/efi/x86_64 -DHAVE_USE_MS_ABI -DRSE_TORUS_ID=0 -DRSE_NET_EXCHANGE=0 -DRSE_SHM_EXCHANGE=1 -DRSE_NET_RAW=0 -DRSE_ENABLE_USERMODE=1 -DRSE_AUTO_EXIT=1 -DRSE_BENCH_SMOKE=1 -T /home/gorygrey/Apps/RSE/boot/linker.ld -nostdlib -Wl,-z,max-page-size=0x1000 -no-pie -o /home/gorygrey/Apps/RSE/build/net_exchange/torus0/kernel.elf /home/gorygrey/Apps/RSE/build/net_exchange/torus0/kernel.o /home/gorygrey/Apps/RSE/build/net_exchange/torus0/kernel_os.o /home/gorygrey/Apps/RSE/build/net_exchange/torus0/net_projection.o /home/gorygrey/Apps/RSE/build/net_exchange/torus0/init_user_blob.o /home/gorygrey/Apps/RSE/build/net_exchange/torus0/init.o
/usr/bin/ld: warning: /home/gorygrey/Apps/RSE/build/net_exchange/torus0/init_user_blob.o: missing .note.GNU-stack section implies executable stack
/usr/bin/ld: NOTE: This behaviour is deprecated and will be removed in a future version of the linker
gcc -I/usr/include/efi -I/usr/include/efi/x86_64 -fPIC -fshort-wchar -mno-red-zone -ffreestanding -fno-stack-protector -fcf-protection=none -DHAVE_USE_MS_ABI -O2 -Wall -Wextra -c /home/gorygrey/Apps/RSE/boot/uefi_loader.c -o /home/gorygrey/Apps/RSE/build/net_exchange/torus0/uefi_loader.o
objcopy -j .text -j .sdata -j .data -j .dynamic -j .dynsym \
	-j .rel* -j .rela* -j .reloc --target=efi-app-x86_64 /home/gorygrey/Apps/RSE/build/net_exchange/torus0/uefi_loader.so /home/gorygrey/Apps/RSE/build/net_exchange/torus0/BOOTX64.EFI
rm -f /home/gorygrey/Apps/RSE/build/net_exchange/torus0/esp.img
mkfs.fat -F16 -C /home/gorygrey/Apps/RSE/build/net_exchange/torus0/esp.img 65536
mkfs.fat 4.2 (2021-01-31)
mmd -i /home/gorygrey/Apps/RSE/build/net_exchange/torus0/esp.img ::/EFI
mmd -i /home/gorygrey/Apps/RSE/build/net_exchange/torus0/esp.img ::/EFI/BOOT
mcopy -D o -i /home/gorygrey/Apps/RSE/build/net_exchange/torus0/esp.img /home/gorygrey/Apps/RSE/build/net_exchange/torus0/BOOTX64.EFI ::/EFI/BOOT/BOOTX64.EFI
mcopy -D o -i /home/gorygrey/Apps/RSE/build/net_exchange/torus0/esp.img /home/gorygrey/Apps/RSE/build/net_exchange/torus0/kernel.elf ::/kernel.elf
rm -rf /home/gorygrey/Apps/RSE/build/net_exchange/torus0/efi_iso
mkdir -p /home/gorygrey/Apps/RSE/build/net_exchange/torus0/efi_iso/EFI/BOOT
cp /home/gorygrey/Apps/RSE/build/net_exchange/torus0/esp.img /home/gorygrey/Apps/RSE/build/net_exchange/torus0/efi_iso/esp.img
# Put loader in ISO root so FS0 can find it.
cp /home/gorygrey/Apps/RSE/build/net_exchange/torus0/BOOTX64.EFI /home/gorygrey/Apps/RSE/build/net_exchange/torus0/efi_iso/EFI/BOOT/BOOTX64.EFI
cp /home/gorygrey/Apps/RSE/build/net_exchange/torus0/kernel.elf /home/gorygrey/Apps/RSE/build/net_exchange/torus0/efi_iso/kernel.elf
xorriso -as mkisofs -R -J -V "RSEEFI" \
	-eltorito-alt-boot -e esp.img -no-emul-boot \
	-isohybrid-gpt-basdat -append_partition 2 0xef /home/gorygrey/Apps/RSE/build/net_exchange/torus0/efi_iso/esp.img \
	-appended_part_as_gpt -o /home/gorygrey/Apps/RSE/build/net_exchange/torus0/rse_efi.iso /home/gorygrey/Apps/RSE/build/net_exchange/torus0/efi_iso
xorriso 1.5.6 : RockRidge filesystem manipulator, libburnia project.

Drive current: -outdev 'stdio:/home/gorygrey/Apps/RSE/build/net_exchange/torus0/rse_efi.iso'
Media current: stdio file, overwriteable
Media status : is blank
Media summary: 0 sessions, 0 data blocks, 0 data,  172g free
Added to ISO image: directory '/'='/home/gorygrey/Apps/RSE/build/net_exchange/torus0/efi_iso'
xorriso : UPDATE :       6 files added in 1 seconds
xorriso : UPDATE :       6 files added in 1 seconds
xorriso : WARNING : Boot image load size exceeds 65535 blocks of 512 bytes. Will record 0 in El Torito to extend ESP to end-of-medium.
xorriso : UPDATE :  29.60% done
ISO image produced: 66276 sectors
Written to medium : 66276 sectors at LBA 0
Writing to 'stdio:/home/gorygrey/Apps/RSE/build/net_exchange/torus0/rse_efi.iso' completed successfully.

rm -f /home/gorygrey/Apps/RSE/build/net_exchange/torus0/rse_data.img
mkfs.fat -F32 -C /home/gorygrey/Apps/RSE/build/net_exchange/torus0/rse_data.img 65536
mkfs.fat 4.2 (2021-01-31)
rm -f /home/gorygrey/Apps/RSE/build/net_exchange/torus0/rse_raw.img
dd if=/dev/zero of=/home/gorygrey/Apps/RSE/build/net_exchange/torus0/rse_raw.img bs=1M count=64
64+0 records in
64+0 records out
67108864 bytes (67 MB, 64 MiB) copied, 0.0731101 s, 918 MB/s
rm -f /home/gorygrey/Apps/RSE/build/net_exchange/torus0/rse_virtio.img
dd if=/dev/zero of=/home/gorygrey/Apps/RSE/build/net_exchange/torus0/rse_virtio.img bs=1M count=64
64+0 records in
64+0 records out
67108864 bytes (67 MB, 64 MiB) copied, 0.0800079 s, 839 MB/s
cp /usr/share/OVMF/OVMF_VARS_4M.fd /home/gorygrey/Apps/RSE/build/net_exchange/torus0/OVMF_VARS.fd
qemu-system-x86_64 -machine q35 -m 512M \
	-drive if=pflash,format=raw,readonly=on,file=/usr/share/OVMF/OVMF_CODE_4M.fd \
	-drive if=pflash,format=raw,file=/home/gorygrey/Apps/RSE/build/net_exchange/torus0/OVMF_VARS.fd \
	-cdrom /home/gorygrey/Apps/RSE/build/net_exchange/torus0/rse_efi.iso -boot order=d \
	-device qemu-xhci,id=xhci \
	-device usb-tablet \
	-drive if=none,format=raw,file=/home/gorygrey/Apps/RSE/build/net_exchange/torus0/rse_data.img,id=usbdisk \
	-device usb-storage,drive=usbdisk \
	-drive if=none,format=raw,file=/home/gorygrey/Apps/RSE/build/net_exchange/torus0/rse_raw.img,id=usbraw \
	-device usb-storage,drive=usbraw \
	-drive if=none,format=raw,file=/home/gorygrey/Apps/RSE/build/net_exchange/torus0/rse_virtio.img,id=vdisk \
	-device virtio-blk-pci,drive=vdisk \
	 \
	-object memory-backend-file,id=ivshmem,share=on,mem-path=/home/gorygrey/Apps/RSE/build/net_exchange/ivshmem.bin,size=65536 -device ivshmem-plain,memdev=ivshmem \
	-serial stdio -display none
[2J[01;01H[=3h[2J[01;01H[2J[01;01H[=3h[2J[01;01H[2J[01;01H[=3h[2J[01;01HBdsDxe: loading Boot0001 "UEFI QEMU DVD-ROM QM00005 " from PciRoot(0x0)/Pci(0x1F,0x2)/Sata(0x2,0xFFFF,0x0)
BdsDxe: starting Boot0001 "UEFI QEMU DVD-ROM QM00005 " from PciRoot(0x0)/Pci(0x1F,0x2)/Sata(0x2,0xFFFF,0x0)
[RSE] UEFI loader start
[RSE] UEFI loader start
[RSE] load_file start
[RSE] BootServices=0x000000001feaff00
[RSE] HandleProtocol=0x000000001fe9c997
[RSE] load_file loaded_image ok
[RSE] load_file fs ok
[RSE] load_file open volume ok
[RSE] load_file open file ok
[RSE] load_file getinfo ok
[RSE] load_file alloc ok
[RSE] load_file read ok
[RSE] Kernel read ok
[RSE] seg paddr=0x0000000010000000 memsz=0x0000000000027120 pages=0x0000000000000028
[RSE] seg paddr=0x0000000010028000 memsz=0x000000000332d718 pages=0x000000000000332e
[RSE] Kernel load ok
[RSE] GOP framebuffer ok
[RSE] Jumping to kernel
[RSE] Jumping to kernel
[RSE] UEFI kernel start
[RSE] GDT user segments installed
[RSE] timer preemption hz=100
[RSE] UEFI framebuffer online
[RSE] UEFI pointer online
[RSE] UEFI keyboard online
[RSE] benchmarks begin
[RSE] tsc cycles/us=2901 delay_us=100000
[RSE] init workloads start
[RSE] braided smoke start
[RSE] braid cycles=3 ticks=300
[RSE] braid A events=300 active=4 edges=1 pending=1
[RSE] braid B events=300 active=4 edges=1 pending=1
[RSE] braid C events=300 active=4 edges=1 pending=1
[RSE] braided smoke done
[RSE] virtio-blk capacity=131072
[RSE] virtio-blk modern online
[RSE] UEFI net online
[RSE] braid scheduler start
[RSE] torus load a=8 b=4 c=4
[RSE] torus load a=8 b=4 c=4
[RSE] os braid cycles=1
[RSE] braid scheduler done
[RSE] shm projection online
[RSE] shm projection exchange start
[RSE] shm projection acked seq=1
[RSE] shm projection recv torus=1 seq=1
[RSE] shm projection recv torus=2 seq=1
[RSE] user mode exec smoke start
[RSE] user setup start
[RSE] user setup ring3 ready torus=0
[RSE] user map begin
[RSE] user map page begin
[RSE] user map page existing
[RSE] user map page begin
[RSE] user map page existing
[RSE] user map ok
[RSE] user mode smoke begin
[init] ring3 start
[init] torus=0 pid=6
[RSE] user map begin
[RSE] user map page begin
[RSE] user map page existing
[RSE] user map page begin
[RSE] user map page existing
[RSE] user map ok
[init] ring3 start
[init] torus=0 pid=7
[RSE] user map begin
[RSE] user map page begin
[RSE] user map page existing
[RSE] user map page begin
[RSE] user map page existing
[RSE] user map ok
[init] ring3 start
[init] torus=0 pid=8
[RSE] user map begin
[RSE] user map page begin
[RSE] user map page existing
[RSE] user map page begin
[RSE] user map page existing
[RSE] user map ok
[RSE] user map begin
[RSE] user map page begin
[RSE] user map page existing
[RSE] user map page begin
[RSE] user map page existing
[RSE] user map ok
[RSE] user map begin
[RSE] user map page begin
[RSE] user map page existing
[RSE] user map page begin
[RSE] user map page existing
[RSE] user map ok
[RSE] user map begin
[RSE] user map page begin
[RSE] user map page existing
[RSE] user map page begin
[RSE] user map page existing
[RSE] user map ok
[RSE] user map begin
[RSE] user map page begin
[RSE] user map page existing
[RSE] user map page begin
[RSE] user map page existing
[RSE] user map ok
[RSE] user map begin
[RSE] user map page begin
[RSE] user map page existing
[RSE] user map page begin
[RSE] user map page existing
[RSE] user map ok
[RSE] user map begin
[RSE] user map page begin
[RSE] user map page existing
[RSE] user map page begin
[RSE] user map page existing
[RSE] user map ok
[RSE] user map begin
[RSE] user map page begin
[RSE] user map page existing
[RSE] user map page begin
[RSE] user map page existing
[RSE] user map ok
[RSE] user map begin
[RSE] user map page begin
[RSE] user map page existing
[RSE] user map page begin
[RSE] user map page existing
[RSE] user map ok
[RSE] user map begin
[RSE] user map page begin
[RSE] user map page existing
[RSE] user map page begin
[RSE] user map page existing
[RSE] user map ok
[RSE] user map begin
[RSE] user map page begin
[RSE] user map page existing
[RSE] user map page begin
[RSE] user map page existing
[RSE] user map ok
[RSE] user map begin
[RSE] user map page begin
[RSE] user map page existing
[RSE] user map page begin
[RSE] user map page existing
[RSE] user map ok
[RSE] user map begin
[RSE] user map page begin
[RSE] user map page existing
[RSE] user map page begin
[RSE] user map page existing
[RSE] user map ok
[RSE] user map begin
[RSE] user map page begin
[RSE] user map page existing
[RSE] user map page begin
[RSE] user map page existing
[RSE] user map ok
[RSE] user map begin
[RSE] user map page begin
[RSE] user map page existing
[RSE] user map page begin
[RSE] user map page existing
[RSE] user map ok
[RSE] user map begin
[RSE] user map page begin
[RSE] user map page existing
[RSE] user map page begin
[RSE] user map page existing
[RSE] user map ok
[RSE] user map begin
[RSE] user map page begin
[RSE] user map page existing
[RSE] user map page begin
[RSE] user map page existing
[RSE] user map ok
[RSE] user map begin
[RSE] user map page begin
[RSE] user map page existing
[RSE] user map page begin
[RSE] user map page existing
[RSE] user map ok
[RSE] user map begin
[RSE] user map page begin
[RSE] user map page existing
[RSE] user map page begin
[RSE] user map page existing
[RSE] user map ok
[RSE] user map begin
[RSE] user map page begin
[RSE] user map page existing
[RSE] user map page begin
[RSE] user map page existing
[RSE] user map ok
[RSE] user map begin
[RSE] user map page begin
[RSE] user map page existing
[RSE] user map page begin
[RSE] user map page existing
[RSE] user map ok
[RSE] user map begin
[RSE] user map page begin
[RSE] user map page existing
[RSE] user map page begin
[RSE] user map page existing
[RSE] user map ok
[RSE] user map begin
[RSE] user map page begin
[RSE] user map page existing
[RSE] user map page begin
[RSE] user map page existing
[RSE] user map ok
[RSE] user map begin
[RSE] user map page begin
[RSE] user map page existing
[RSE] user map page begin
[RSE] user map page existing
[RSE] user map ok
[RSE] user map begin
[RSE] user map page begin
[RSE] user map page existing
[RSE] user map page begin
[RSE] user map page existing
[RSE] user map ok
[RSE] user map begin
[RSE] user map page begin
[RSE] user map page existing
[RSE] user map page begin
[RSE] user map page existing
[RSE] user map ok
[RSE] user map begin
[RSE] user map page begin
[RSE] user map page existing
[RSE] user map page begin
[RSE] user map page existing
[RSE] user map ok
[RSE] user map begin
[RSE] user map page begin
[RSE] user map page existing
[RSE] user map page begin
[RSE] user map page existing
[RSE] user map ok
[RSE] user map begin
[RSE] user map page begin
[RSE] user map page existing
[RSE] user map page begin
[RSE] user map page existing
[RSE] user map ok
[RSE] user map begin
[RSE] user map page begin
[RSE] user map page existing
[RSE] user map page begin
[RSE] user map page existing
[RSE] user map ok
[RSE] user map begin
[RSE] user map page begin
[RSE] user map page existing
[RSE] user map page begin
[RSE] user map page existing
[RSE] user map ok
[RSE] user map begin
[RSE] user map page begin
[RSE] user map page existing
[RSE] user map page begin
[RSE] user map page existing
[RSE] user map ok
[RSE] user map begin
[RSE] user map page begin
[RSE] user map page existing
[RSE] user map page begin
[RSE] user map page existing
[RSE] user map ok
[RSE] user map begin
[RSE] user map page begin
[RSE] user map page existing
[RSE] user map page begin
[RSE] user map page existing
[RSE] user map ok
[RSE] user map begin
[RSE] user map page begin
[RSE] user map page existing
[RSE] user map page begin
[RSE] user map page existing
[RSE] user map ok
[RSE] user map begin
[RSE] user map page begin
[RSE] user map page existing
[RSE] user map page begin
[RSE] user map page existing
[RSE] user map ok
[RSE] user map begin
[RSE] user map page begin
[RSE] user map page existing
[RSE] user map page begin
[RSE] user map page existing
[RSE] user map ok
[RSE] user map begin
[RSE] user map page begin
[RSE] user map page existing
[RSE] user map page begin
[RSE] user map page existing
[RSE] user map ok
[RSE] user map begin
[RSE] user map page begin
[RSE] user map page existing
[RSE] user map page begin
[RSE] user map page existing
[RSE] user map ok
[RSE] user map begin
[RSE] user map page begin
[RSE] user map page existing
[RSE] user map page begin
[RSE] user map page existing
[RSE] user map ok
[RSE] user map begin
[RSE] user map page begin
[RSE] user map page existing
[RSE] user map page begin
[RSE] user map page existing
[RSE] user map ok
[RSE] user map begin
[RSE] user map page begin
[RSE] user map page existing
[RSE] user map page begin
[RSE] user map page existing
[RSE] user map ok
[RSE] user map begin
[RSE] user map page begin
[RSE] user map page existing
[RSE] user map page begin
[RSE] user map page existing
[RSE] user map ok
[init] compute ops=1000000 cycles=296135023 checksum=13489434137010960902
[RSE] user map begin
[RSE] user map page begin
[RSE] user map page existing
[RSE] user map page begin
[RSE] user map page existing
[RSE] user map ok
[init] compute ops=1000000 cycles=286736511 checksum=13489434137010960902
[RSE] user map begin
[RSE] user map page begin
[RSE] user map page existing
[RSE] user map page begin
[RSE] user map page existing
[RSE] user map ok
[init] compute ops=1000000 cycles=284832625 checksum=13489434137010960902
[RSE] user map begin
[RSE] user map page begin
[RSE] user map page existing
[RSE] user map page begin
[RSE] user map page existing
[RSE] user map ok
[RSE] user map begin
[RSE] user map page begin
[RSE] user map page existing
[RSE] user map page begin
[RSE] user map page existing
[RSE] user map ok
[RSE] user map begin
[RSE] user map page begin
[RSE] user map page existing
[RSE] user map page begin
[RSE] user map page existing
[RSE] user map ok
[RSE] user map begin
[RSE] user map page begin
[RSE] user map page existing
[RSE] user map page begin
[RSE] user map page existing
[RSE] user map ok
[init] using /persist
[RSE] user map begin
[RSE] user map page begin
[RSE] user map page existing
[RSE] user map page begin
[RSE] user map page existing
[RSE] user map ok
[init] using /persist
[RSE] user map begin
[RSE] user map page begin
[RSE] user map page existing
[RSE] user map page begin
[RSE] user map page existing
[RSE] user map ok
[init] using /persist
[RSE] user map begin
[RSE] user map page begin
[RSE] user map page existing
[RSE] user map page begin
[RSE] user map page existing
[RSE] user map ok
[RSE] user map begin
[RSE] user map page begin
[RSE] user map page existing
[RSE] user map page begin
[RSE] user map page existing
[RSE] user map ok
[RSE] user map begin
[RSE] user map page begin
[RSE] user map page existing
[RSE] user map page begin
[RSE] user map page existing
[RSE] user map ok
[RSE] user map begin
[RSE] user map page begin
[RSE] user map page existing
[RSE] user map page begin
[RSE] user map page existing
[RSE] user map ok
[RSE] user map begin
[RSE] user map page begin
[RSE] user map page existing
[RSE] user map page begin
[RSE] user map page existing
[RSE] user map ok
[RSE] user map begin
[RSE] user map page begin
[RSE] user map page existing
[RSE] user map page begin
[RSE] user map page existing
[RSE] user map ok
[RSE] user map begin
[RSE] user map page begin
[RSE] user map page existing
[RSE] user map page begin
[RSE] user map page existing
[RSE] user map ok
[RSE] user map begin
[RSE] user map page begin
[RSE] user map page existing
[RSE] user map page begin
[RSE] user map page existing
[RSE] user map ok
[RSE] user map begin
[RSE] user map page begin
[RSE] user map page existing
[RSE] user map page begin
[RSE] user map page existing
[RSE] user map ok
[RSE] user map begin
[RSE] user map page begin
[RSE] user map page existing
[RSE] user map page begin
[RSE] user map page existing
[RSE] user map ok
[RSE] user map begin
[RSE] user map page begin
[RSE] user map page existing
[RSE] user map page begin
[RSE] user map page existing
[RSE] user map ok
[RSE] user map begin
[RSE] user map page begin
[RSE] user map page existing
[RSE] user map page begin
[RSE] user map page existing
[RSE] user map ok
[RSE] user map begin
[RSE] user map page begin
[RSE] user map page existing
[RSE] user map page begin
[RSE] user map page existing
[RSE] user map ok
[RSE] user map begin
[RSE] user map page begin
[RSE] user map page existing
[RSE] user map page begin
[RSE] user map page existing
[RSE] user map ok
[RSE] user map begin
[RSE] user map page begin
[RSE] user map page existing
[RSE] user map page begin
[RSE] user map page existing
[RSE] user map ok
[RSE] user map begin
[RSE] user map page begin
[RSE] user map page existing
[RSE] user map page begin
[RSE] user map page existing
[RSE] user map ok
[RSE] user map begin
[RSE] user map page begin
[RSE] user map page existing
[RSE] user map page begin
[RSE] user map page existing
[RSE] user map ok
[RSE] user map begin
[RSE] user map page begin
[RSE] user map page existing
[RSE] user map page begin
[RSE] user map page existing
[RSE] user map ok
[RSE] user map begin
[RSE] user map page begin
[RSE] user map page existing
[RSE] user map page begin
[RSE] user map page existing
[RSE] user map ok
[RSE] user map begin
[RSE] user map page begin
[RSE] user map page existing
[RSE] user map page begin
[RSE] user map page existing
[RSE] user map ok
[RSE] user map begin
[RSE] user map page begin
[RSE] user map page existing
[RSE] user map page begin
[RSE] user map page existing
[RSE] user map ok
[RSE] user map begin
[RSE] user map page begin
[RSE] user map page existing
[RSE] user map page begin
[RSE] user map page existing
[RSE] user map ok
[RSE] user map begin
[RSE] user map page begin
[RSE] user map page existing
[RSE] user map page begin
[RSE] user map page existing
[RSE] user map ok
[RSE] user map begin
[RSE] user map page begin
[RSE] user map page existing
[RSE] user map page begin
[RSE] user map page existing
[RSE] user map ok
[RSE] user map begin
[RSE] user map page begin
[RSE] user map page existing
[RSE] user map page begin
[RSE] user map page existing
[RSE] user map ok
[RSE] user map begin
[RSE] user map page begin
[RSE] user map page existing
[RSE] user map page begin
[RSE] user map page existing
[RSE] user map ok
[RSE] user map begin
[RSE] user map page begin
[RSE] user map page existing
[RSE] user map page begin
[RSE] user map page existing
[RSE] user map ok
[RSE] user map begin
[RSE] user map page begin
[RSE] user map page existing
[RSE] user map page begin
[RSE] user map page existing
[RSE] user map ok
[RSE] user map begin
[RSE] user map page begin
[RSE] user map page existing
[RSE] user map page begin
[RSE] user map page existing
[RSE] user map ok
[RSE] user map begin
[RSE] user map page begin
[RSE] user map page existing
[RSE] user map page begin
[RSE] user map page existing
[RSE] user map ok
[RSE] user map begin
[RSE] user map page begin
[RSE] user map page existing
[RSE] user map page begin
[RSE] user map page existing
[RSE] user map ok
[RSE] user map begin
[RSE] user map page begin
[RSE] user map page existing
[RSE] user map page begin
[RSE] user map page existing
[RSE] user map ok
[RSE] user map begin
[RSE] user map page begin
[RSE] user map page existing
[RSE] user map page begin
[RSE] user map page existing
[RSE] user map ok
[RSE] user map begin
[RSE] user map page begin
[RSE] user map page existing
[RSE] user map page begin
[RSE] user map page existing
[RSE] user map ok
[RSE] user map begin
[RSE] user map page begin
[RSE] user map page existing
[RSE] user map page begin
[RSE] user map page existing
[RSE] user map ok
[RSE] user map begin
[RSE] user map page begin
[RSE] user map page existing
[RSE] user map page begin
[RSE] user map page existing
[RSE] user map ok
[RSE] user map begin
[RSE] user map page begin
[RSE] user map page existing
[RSE] user map page begin
[RSE] user map page existing
[RSE] user map ok
[RSE] user map begin
[RSE] user map page begin
[RSE] user map page existing
[RSE] user map page begin
[RSE] user map page existing
[RSE] user map ok
[RSE] user map begin
[RSE] user map page begin
[RSE] user map page existing
[RSE] user map page begin
[RSE] user map page existing
[RSE] user map ok
[RSE] user map begin
[RSE] user map page begin
[RSE] user map page existing
[RSE] user map page begin
[RSE] user map page existing
[RSE] user map ok
[init] file ops=160 bytes=131072 cycles=16316907876
[init] ls /
dev/
persist/
bin/

[init] ls /persist
ls: empty

stat /dev/blk0 size=0 type=device
[init] loopback read=13
[RSE] user map begin
[RSE] user map page begin
[RSE] user map page existing
[RSE] user map page begin
[RSE] user map page existing
[RSE] user map ok
[init] file ops=160 bytes=131072 cycles=15745201880
[init] ls /
dev/
persist/
bin/

[init] ls /persist
ls: empty

stat /dev/blk0 size=0 type=device
[init] loopback read=13
[RSE] user map begin
[RSE] user map page begin
[RSE] user map page existing
[RSE] user map page begin
[RSE] user map page existing
[RSE] user map ok
[init] file ops=160 bytes=131072 cycles=15199702203
[init] ls /
dev/
persist/
bin/

[init] ls /persist
ls: empty

stat /dev/blk0 size=0 type=device
[init] loopback read=13
[RSE] user map begin
[RSE] user map page begin
[RSE] user map page existing
[RSE] user map page begin
[RSE] user map page existing
[RSE] user map ok
[RSE] user map begin
[RSE] user map page begin
[RSE] user map page existing
[RSE] user map page begin
[RSE] user map page existing
[RSE] user map ok
[RSE] user map begin
[RSE] user map page begin
[RSE] user map page existing
[RSE] user map page begin
[RSE] user map page existing
[RSE] user map ok
[RSE] user map begin
[RSE] user map page begin
[RSE] user map page existing
[RSE] user map page begin
[RSE] user map page existing
[RSE] user map ok
[RSE] user map begin
[RSE] user map page begin
[RSE] user map page existing
[RSE] user map page begin
[RSE] user map page existing
[RSE] user map ok
[RSE] user map begin
[RSE] user map page begin
[RSE] user map page existing
[RSE] user map page begin
[RSE] user map page existing
[RSE] user map ok
[RSE] user map begin
[RSE] user map page begin
[RSE] user map page existing
[RSE] user map page begin
[RSE] user map page existing
[RSE] user map ok
[RSE] user map begin
[RSE] user map page begin
[RSE] user map page existing
[RSE] user map page begin
[RSE] user map page existing
[RSE] user map ok
[RSE] user map begin
[RSE] user map page begin
[RSE] user map page existing
[RSE] user map page begin
[RSE] user map page existing
[RSE] user map ok
[RSE] user map begin
[RSE] user map page begin
[RSE] user map page existing
[RSE] user map page begin
[RSE] user map page existing
[RSE] user map ok
[RSE] user map begin
[RSE] user map page begin
[RSE] user map page existing
[RSE] user map page begin
[RSE] user map page existing
[RSE] user map ok
[RSE] user map begin
[RSE] user map page begin
[RSE] user map page existing
[RSE] user map page begin
[RSE] user map page existing
[RSE] user map ok
[RSE] user map begin
[RSE] user map page begin
[RSE] user map page existing
[RSE] user map page begin
[RSE] user map page existing
[RSE] user map ok
[RSE] user map begin
[RSE] user map page begin
[RSE] user map page existing
[RSE] user map page begin
[RSE] user map page existing
[RSE] user map ok
[RSE] user map begin
[RSE] user map page begin
[RSE] user map page existing
[RSE] user map page begin
[RSE] user map page existing
[RSE] user map ok
[RSE] user map begin
[RSE] user map page begin
[RSE] user map page existing
[RSE] user map page begin
[RSE] user map page existing
[RSE] user map ok
[RSE] user map begin
[RSE] user map page begin
[RSE] user map page existing
[RSE] user map page begin
[RSE] user map page existing
[RSE] user map ok
[RSE] user map begin
[RSE] user map page begin
[RSE] user map page existing
[RSE] user map page begin
[RSE] user map page existing
[RSE] user map ok
[RSE] user map begin
[RSE] user map page begin
[RSE] user map page existing
[RSE] user map page begin
[RSE] user map page existing
[RSE] user map ok
[RSE] user map begin
[RSE] user map page begin
[RSE] user map page existing
[RSE] user map page begin
[RSE] user map page existing
[RSE] user map ok
[RSE] user map begin
[RSE] user map page begin
[RSE] user map page existing
[RSE] user map page begin
[RSE] user map page existing
[RSE] user map ok
[RSE] user map begin
[RSE] user map page begin
[RSE] user map page existing
[RSE] user map page begin
[RSE] user map page existing
[RSE] user map ok
[RSE] user map begin
[RSE] user map page begin
[RSE] user map page existing
[RSE] user map page begin
[RSE] user map page existing
[RSE] user map ok
[RSE] user map begin
[RSE] user map page begin
[RSE] user map page existing
[RSE] user map page begin
[RSE] user map page existing
[RSE] user map ok
[RSE] user map begin
[RSE] user map page begin
[RSE] user map page existing
[RSE] user map page begin
[RSE] user map page existing
[RSE] user map ok
[RSE] user map begin
[RSE] user map page begin
[RSE] user map page existing
[RSE] user map page begin
[RSE] user map page existing
[RSE] user map ok
[RSE] user map begin
[RSE] user map page begin
[RSE] user map page existing
[RSE] user map page begin
[RSE] user map page existing
[RSE] user map ok
[RSE] user map begin
[RSE] user map page begin
[RSE] user map page existing
[RSE] user map page begin
[RSE] user map page existing
[RSE] user map ok
[RSE] user map begin
[RSE] user map page begin
[RSE] user map page existing
[RSE] user map page begin
[RSE] user map page existing
[RSE] user map ok
[RSE] user map begin
[RSE] user map page begin
[RSE] user map page existing
[RSE] user map page begin
[RSE] user map page existing
[RSE] user map ok
[RSE] user map begin
[RSE] user map page begin
[RSE] user map page existing
[RSE] user map page begin
[RSE] user map page existing
[RSE] user map ok
[RSE] user map begin
[RSE] user map page begin
[RSE] user map page existing
[RSE] user map page begin
[RSE] user map page existing
[RSE] user map ok
[RSE] user map begin
[RSE] user map page begin
[RSE] user map page existing
[RSE] user map page begin
[RSE] user map page existing
[RSE] user map ok
[RSE] user map begin
[RSE] user map page begin
[RSE] user map page existing
[RSE] user map page begin
[RSE] user map page existing
[RSE] user map ok
[RSE] user map begin
[RSE] user map page begin
[RSE] user map page existing
[RSE] user map page begin
[RSE] user map page existing
[RSE] user map ok
[RSE] user map begin
[RSE] user map page begin
[RSE] user map page existing
[RSE] user map page begin
[RSE] user map page existing
[RSE] user map ok
[RSE] user map begin
[RSE] user map page begin
[RSE] user map page existing
[RSE] user map page begin
[RSE] user map page existing
[RSE] user map ok
[RSE] user map begin
[RSE] user map page begin
[RSE] user map page existing
[RSE] user map page begin
[RSE] user map page existing
[RSE] user map ok
[RSE] user map begin
[RSE] user map page begin
[RSE] user map page existing
[RSE] user map page begin
[RSE] user map page existing
[RSE] user map ok
[RSE] user map begin
[RSE] user map page begin
[RSE] user map page existing
[RSE] user map page begin
[RSE] user map page existing
[RSE] user map ok
[init] /dev/blk0 ops=64 bytes=32768 mismatches=0 cycles=1634621335
[RSE] user map begin
[RSE] user map page begin
[RSE] user map page existing
[RSE] user map page begin
[RSE] user map page existing
[RSE] user map ok
[init] /dev/blk0 ops=64 bytes=32768 mismatches=0 cycles=1542948559
[RSE] user map begin
[RSE] user map page begin
[RSE] user map page existing
[RSE] user map page begin
[RSE] user map page existing
[RSE] user map ok
[init] /dev/blk0 ops=64 bytes=32768 mismatches=0 cycles=1449113009
[RSE] user map begin
[RSE] user map page begin
[RSE] user map page existing
[RSE] user map page begin
[RSE] user map page existing
[RSE] user map ok
[RSE] user map begin
[RSE] user map page begin
[RSE] user map page existing
[RSE] user map page begin
[RSE] user map page existing
[RSE] user map ok
[RSE] user map begin
[RSE] user map page begin
[RSE] user map page existing
[RSE] user map page begin
[RSE] user map page existing
[RSE] user map ok
[RSE] user map begin
[RSE] user map page begin
[RSE] user map page existing
[RSE] user map page begin
[RSE] user map page existing
[RSE] user map ok
[RSE] user map begin
[RSE] user map page begin
[RSE] user map page existing
[RSE] user map page begin
[RSE] user map page existing
[RSE] user map ok
[RSE] user map begin
[RSE] user map page begin
[RSE] user map page existing
[RSE] user map page begin
[RSE] user map page existing
[RSE] user map ok
[RSE] user mode smoke ok
[RSE] user setup start
[RSE] user setup ring3 ready torus=1
[RSE] user map begin
[RSE] user map page begin
[RSE] user map page existing
[RSE] user map page begin
[RSE] user map page existing
[RSE] user map ok
[RSE] user mode smoke begin
[init] ring3 start
[init] torus=1 pid=2
[RSE] user map begin
[RSE] user map page begin
[RSE] user map page existing
[RSE] user map page begin
[RSE] user map page existing
[RSE] user map ok
[init] ring3 start
[init] torus=1 pid=3
[RSE] user map begin
[RSE] user map page begin
[RSE] user map page existing
[RSE] user map page begin
[RSE] user map page existing
[RSE] user map ok
[init] ring3 start
[init] torus=1 pid=4
[RSE] user map begin
[RSE] user map page begin
[RSE] user map page existing
[RSE] user map page begin
[RSE] user map page existing
[RSE] user map ok
[RSE] user map begin
[RSE] user map page begin
[RSE] user map page existing
[RSE] user map page begin
[RSE] user map page existing
[RSE] user map ok
[RSE] user map begin
[RSE] user map page begin
[RSE] user map page existing
[RSE] user map page begin
[RSE] user map page existing
[RSE] user map ok
[RSE] user map begin
[RSE] user map page begin
[RSE] user map page existing
[RSE] user map page begin
[RSE] user map page existing
[RSE] user map ok
[RSE] user map begin
[RSE] user map page begin
[RSE] user map page existing
[RSE] user map page begin
[RSE] user map page existing
[RSE] user map ok
[RSE] user map begin
[RSE] user map page begin
[RSE] user map page existing
[RSE] user map page begin
[RSE] user map page existing
[RSE] user map ok
[RSE] user map begin
[RSE] user map page begin
[RSE] user map page existing
[RSE] user map page begin
[RSE] user map page existing
[RSE] user map ok
[RSE] user map begin
[RSE] user map page begin
[RSE] user map page existing
[RSE] user map page begin
[RSE] user map page existing
[RSE] user map ok
[RSE] user map begin
[RSE] user map page begin
[RSE] user map page existing
[RSE] user map page begin
[RSE] user map page existing
[RSE] user map ok
[RSE] user map begin
[RSE] user map page begin
[RSE] user map page existing
[RSE] user map page begin
[RSE] user map page existing
[RSE] user map ok
[RSE] user map begin
[RSE] user map page begin
[RSE] user map page existing
[RSE] user map page begin
[RSE] user map page existing
[RSE] user map ok
[RSE] user map begin
[RSE] user map page begin
[RSE] user map page existing
[RSE] user map page begin
[RSE] user map page existing
[RSE] user map ok
[RSE] user map begin
[RSE] user map page begin
[RSE] user map page existing
[RSE] user map page begin
[RSE] user map page existing
[RSE] user map ok
[RSE] user map begin
[RSE] user map page begin
[RSE] user map page existing
[RSE] user map page begin
[RSE] user map page existing
[RSE] user map ok
[RSE] user map begin
[RSE] user map page begin
[RSE] user map page existing
[RSE] user map page begin
[RSE] user map page existing
[RSE] user map ok
[RSE] user map begin
[RSE] user map page begin
[RSE] user map page existing
[RSE] user map page begin
[RSE] user map page existing
[RSE] user map ok
[RSE] user map begin
[RSE] user map page begin
[RSE] user map page existing
[RSE] user map page begin
[RSE] user map page existing
[RSE] user map ok
[RSE] user map begin
[RSE] user map page begin
[RSE] user map page existing
[RSE] user map page begin
[RSE] user map page existing
[RSE] user map ok
[RSE] user map begin
[RSE] user map page begin
[RSE] user map page existing
[RSE] user map page begin
[RSE] user map page existing
[RSE] user map ok
[RSE] user map begin
[RSE] user map page begin
[RSE] user map page existing
[RSE] user map page begin
[RSE] user map page existing
[RSE] user map ok
[RSE] user map begin
[RSE] user map page begin
[RSE] user map page existing
[RSE] user map page begin
[RSE] user map page existing
[RSE] user map ok
[RSE] user map begin
[RSE] user map page begin
[RSE] user map page existing
[RSE] user map page begin
[RSE] user map page existing
[RSE] user map ok
[RSE] user map begin
[RSE] user map page begin
[RSE] user map page existing
[RSE] user map page begin
[RSE] user map page existing
[RSE] user map ok
[RSE] user map begin
[RSE] user map page begin
[RSE] user map page existing
[RSE] user map page begin
[RSE] user map page existing
[RSE] user map ok
[RSE] user map begin
[RSE] user map page begin
[RSE] user map page existing
[RSE] user map page begin
[RSE] user map page existing
[RSE] user map ok
[RSE] user map begin
[RSE] user map page begin
[RSE] user map page existing
[RSE] user map page begin
[RSE] user map page existing
[RSE] user map ok
[RSE] user map begin
[RSE] user map page begin
[RSE] user map page existing
[RSE] user map page begin
[RSE] user map page existing
[RSE] user map ok
[RSE] user map begin
[RSE] user map page begin
[RSE] user map page existing
[RSE] user map page begin
[RSE] user map page existing
[RSE] user map ok
[RSE] user map begin
[RSE] user map page begin
[RSE] user map page existing
[RSE] user map page begin
[RSE] user map page existing
[RSE] user map ok
[RSE] user map begin
[RSE] user map page begin
[RSE] user map page existing
[RSE] user map page begin
[RSE] user map page existing
[RSE] user map ok
[RSE] user map begin
[RSE] user map page begin
[RSE] user map page existing
[RSE] user map page begin
[RSE] user map page existing
[RSE] user map ok
[RSE] user map begin
[RSE] user map page begin
[RSE] user map page existing
[RSE] user map page begin
[RSE] user map page existing
[RSE] user map ok
[RSE] user map begin
[RSE] user map page begin
[RSE] user map page existing
[RSE] user map page begin
[RSE] user map page existing
[RSE] user map ok
[RSE] user map begin
[RSE] user map page begin
[RSE] user map page existing
[RSE] user map page begin
[RSE] user map page existing
[RSE] user map ok
[RSE] user map begin
[RSE] user map page begin
[RSE] user map page existing
[RSE] user map page begin
[RSE] user map page existing
[RSE] user map ok
[RSE] user map begin
[RSE] user map page begin
[RSE] user map page existing
[RSE] user map page begin
[RSE] user map page existing
[RSE] user map ok
[RSE] user map begin
[RSE] user map page begin
[RSE] user map page existing
[RSE] user map page begin
[RSE] user map page existing
[RSE] user map ok
[RSE] user map begin
[RSE] user map page begin
[RSE] user map page existing
[RSE] user map page begin
[RSE] user map page existing
[RSE] user map ok
[RSE] user map begin
[RSE] user map page begin
[RSE] user map page existing
[RSE] user map page begin
[RSE] user map page existing
[RSE] user map ok
[RSE] user map begin
[RSE] user map page begin
[RSE] user map page existing
[RSE] user map page begin
[RSE] user map page existing
[RSE] user map ok
[RSE] user map begin
[RSE] user map page begin
[RSE] user map page existing
[RSE] user map page begin
[RSE] user map page existing
[RSE] user map ok
[RSE] user map begin
[RSE] user map page begin
[RSE] user map page existing
[RSE] user map page begin
[RSE] user map page existing
[RSE] user map ok
[RSE] user map begin
[RSE] user map page begin
[RSE] user map page existing
[RSE] user map page begin
[RSE] user map page existing
[RSE] user map ok
[RSE] user map begin
[RSE] user map page begin
[RSE] user map page existing
[RSE] user map page begin
[RSE] user map page existing
[RSE] user map ok
[RSE] user map begin
[RSE] user map page begin
[RSE] user map page existing
[RSE] user map page begin
[RSE] user map page existing
[RSE] user map ok
[RSE] user map begin
[RSE] user map page begin
[RSE] user map page existing
[RSE] user map page begin
[RSE] user map page existing
[RSE] user map ok
[RSE] user map begin
[RSE] user map page begin
[RSE] user map page existing
[RSE] user map page begin
[RSE] user map page existing
[RSE] user map ok
[RSE] user map begin
[RSE] user map page begin
[RSE] user map page existing
[RSE] user map page begin
[RSE] user map page existing
[RSE] user map ok
[RSE] user map begin
[RSE] user map page begin
[RSE] user map page existing
[RSE] user map page begin
[RSE] user map page existing
[RSE] user map ok
[RSE] user map begin
[RSE] user map page begin
[RSE] user map page existing
[RSE] user map page begin
[RSE] user map page existing
[RSE] user map ok
[RSE] user map begin
[RSE] user map page begin
[RSE] user map page existing
[RSE] user map page begin
[RSE] user map page existing
[RSE] user map ok
[RSE] user map begin
[RSE] user map page begin
[RSE] user map page existing
[RSE] user map page begin
[RSE] user map page existing
[RSE] user map ok
[RSE] user map begin
[RSE] user map page begin
[RSE] user map page existing
[RSE] user map page begin
[RSE] user map page existing
[RSE] user map ok
[RSE] user map begin
[RSE] user map page begin
[RSE] user map page existing
[RSE] user map page begin
[RSE] user map page existing
[RSE] user map ok
[RSE] user map begin
[RSE] user map page begin
[RSE] user map page existing
[RSE] user map page begin
[RSE] user map page existing
[RSE] user map ok
[RSE] user map begin
[RSE] user map page begin
[RSE] user map page existing
[RSE] user map page begin
[RSE] user map page existing
[RSE] user map ok
[RSE] user map begin
[RSE] user map page begin
[RSE] user map page existing
[RSE] user map page begin
[RSE] user map page existing
[RSE] user map ok
[RSE] user map begin
[RSE] user map page begin
[RSE] user map page existing
[RSE] user map page begin
[RSE] user map page existing
[RSE] user map ok
[RSE] user map begin
[RSE] user map page begin
[RSE] user map page existing
[RSE] user map page begin
[RSE] user map page existing
[RSE] user map ok
[RSE] user map begin
[RSE] user map page begin
[RSE] user map page existing
[RSE] user map page begin
[RSE] user map page existing
[RSE] user map ok
[RSE] user map begin
[RSE] user map page begin
[RSE] user map page existing
[RSE] user map page begin
[RSE] user map page existing
[RSE] user map ok
[RSE] user map begin
[RSE] user map page begin
[RSE] user map page existing
[RSE] user map page begin
[RSE] user map page existing
[RSE] user map ok
[RSE] user map begin
[RSE] user map page begin
[RSE] user map page existing
[RSE] user map page begin
[RSE] user map page existing
[RSE] user map ok
[RSE] user map begin
[RSE] user map page begin
[RSE] user map page existing
[RSE] user map page begin
[RSE] user map page existing
[RSE] user map ok
[RSE] user map begin
[RSE] user map page begin
[RSE] user map page existing
[RSE] user map page begin
[RSE] user map page existing
[RSE] user map ok
[RSE] user map begin
[RSE] user map page begin
[RSE] user map page existing
[RSE] user map page begin
[RSE] user map page existing
[RSE] user map ok
[RSE] user map begin
[RSE] user map page begin
[RSE] user map page existing
[RSE] user map page begin
[RSE] user map page existing
[RSE] user map ok
[RSE] user map begin
[RSE] user map page begin
[RSE] user map page existing
[RSE] user map page begin
[RSE] user map page existing
[RSE] user map ok
[RSE] user map begin
[RSE] user map page begin
[RSE] user map page existing
[RSE] user map page begin
[RSE] user map page existing
[RSE] user map ok
[RSE] user map begin
[RSE] user map page begin
[RSE] user map page existing
[RSE] user map page begin
[RSE] user map page existing
[RSE] user map ok
[RSE] user map begin
[RSE] user map page begin
[RSE] user map page existing
[RSE] user map page begin
[RSE] user map page existing
[RSE] user map ok
[RSE] user map begin
[RSE] user map page begin
[RSE] user map page existing
[RSE] user map page begin
[RSE] user map page existing
[RSE] user map ok
[RSE] user map begin
[RSE] user map page begin
[RSE] user map page existing
[RSE] user map page begin
[RSE] user map page existing
[RSE] user map ok
[RSE] user map begin
[RSE] user map page begin
[RSE] user map page existing
[RSE] user map page begin
[RSE] user map page existing
[RSE] user map ok
[RSE] user map begin
[RSE] user map page begin
[RSE] user map page existing
[RSE] user map page begin
[RSE] user map page existing
[RSE] user map ok
[RSE] user map begin
[RSE] user map page begin
[RSE] user map page existing
[RSE] user map page begin
[RSE] user map page existing
[RSE] user map ok
[RSE] user map begin
[RSE] user map page begin
[RSE] user map page existing
[RSE] user map page begin
[RSE] user map page existing
[RSE] user map ok
[RSE] user map begin
[RSE] user map page begin
[RSE] user map page existing
[RSE] user map page begin
[RSE] user map page existing
[RSE] user map ok
[RSE] user map begin
[RSE] user map page begin
[RSE] user map page existing
[RSE] user map page begin
[RSE] user map page existing
[RSE] user map ok
[RSE] user map begin
[RSE] user map page begin
[RSE] user map page existing
[RSE] user map page begin
[RSE] user map page existing
[RSE] user map ok
[RSE] user map begin
[RSE] user map page begin
[RSE] user map page existing
[RSE] user map page begin
[RSE] user map page existing
[RSE] user map ok
[RSE] user map begin
[RSE] user map page begin
[RSE] user map page existing
[RSE] user map page begin
[RSE] user map page existing
[RSE] user map ok
[RSE] user map begin
[RSE] user map page begin
[RSE] user map page existing
[RSE] user map page begin
[RSE] user map page existing
[RSE] user map ok
[RSE] user map begin
[RSE] user map page begin
[RSE] user map page existing
[RSE] user map page begin
[RSE] user map page existing
[RSE] user map ok
[RSE] user map begin
[RSE] user map page begin
[RSE] user map page existing
[RSE] user map page begin
[RSE] user map page existing
[RSE] user map ok
[RSE] user map begin
[RSE] user map page begin
[RSE] user map page existing
[RSE] user map page begin
[RSE] user map page existing
[RSE] user map ok
[RSE] user map begin
[RSE] user map page begin
[RSE] user map page existing
[RSE] user map page begin
[RSE] user map page existing
[RSE] user map ok
[RSE] user map begin
[RSE] user map page begin
[RSE] user map page existing
[RSE] user map page begin
[RSE] user map page existing
[RSE] user map ok
[init] compute ops=2000000 cycles=434946942 checksum=9791868472914447520
[RSE] user map begin
[RSE] user map page begin
[RSE] user map page existing
[RSE] user map page begin
[RSE] user map page existing
[RSE] user map ok
[init] compute ops=2000000 cycles=433915348 checksum=9791868472914447520
[RSE] user map begin
[RSE] user map page begin
[RSE] user map page existing
[RSE] user map page begin
[RSE] user map page existing
[RSE] user map ok
[init] compute ops=2000000 cycles=433248702 checksum=9791868472914447520
[RSE] user map begin
[RSE] user map page begin
[RSE] user map page existing
[RSE] user map page begin
[RSE] user map page existing
[RSE] user map ok
[RSE] user map begin
[RSE] user map page begin
[RSE] user map page existing
[RSE] user map page begin
[RSE] user map page existing
[RSE] user map ok
[RSE] user map begin
[RSE] user map page begin
[RSE] user map page existing
[RSE] user map page begin
[RSE] user map page existing
[RSE] user map ok
[RSE] user map begin
[RSE] user map page begin
[RSE] user map page existing
[RSE] user map page begin
[RSE] user map page existing
[RSE] user map ok
[RSE] user map begin
[RSE] user map page begin
[RSE] user map page existing
[RSE] user map page begin
[RSE] user map page existing
[RSE] user map ok
[RSE] user map begin
[RSE] user map page begin
[RSE] user map page existing
[RSE] user map page begin
[RSE] user map page existing
[RSE] user map ok
[RSE] user map begin
[RSE] user map page begin
[RSE] user map page existing
[RSE] user map page begin
[RSE] user map page existing
[RSE] user map ok
[RSE] user map begin
[RSE] user map page begin
[RSE] user map page existing
[RSE] user map page begin
[RSE] user map page existing
[RSE] user map ok
[RSE] user map begin
[RSE] user map page begin
[RSE] user map page existing
[RSE] user map page begin
[RSE] user map page existing
[RSE] user map ok
[RSE] user map begin
[RSE] user map page begin
[RSE] user map page existing
[RSE] user map page begin
[RSE] user map page existing
[RSE] user map ok
[RSE] user map begin
[RSE] user map page begin
[RSE] user map page existing
[RSE] user map page begin
[RSE] user map page existing
[RSE] user map ok
[RSE] user map begin
[RSE] user map page begin
[RSE] user map page existing
[RSE] user map page begin
[RSE] user map page existing
[RSE] user map ok
[RSE] user map begin
[RSE] user map page begin
[RSE] user map page existing
[RSE] user map page begin
[RSE] user map page existing
[RSE] user map ok
[RSE] user map begin
[RSE] user map page begin
[RSE] user map page existing
[RSE] user map page begin
[RSE] user map page existing
[RSE] user map ok
[RSE] user map begin
[RSE] user map page begin
[RSE] user map page existing
[RSE] user map page begin
[RSE] user map page existing
[RSE] user map ok
[RSE] user map begin
[RSE] user map page begin
[RSE] user map page existing
[RSE] user map page begin
[RSE] user map page existing
[RSE] user map ok
[RSE] user map begin
[RSE] user map page begin
[RSE] user map page existing
[RSE] user map page begin
[RSE] user map page existing
[RSE] user map ok
[RSE] user map begin
[RSE] user map page begin
[RSE] user map page existing
[RSE] user map page begin
[RSE] user map page existing
[RSE] user map ok
[RSE] user map begin
[RSE] user map page begin
[RSE] user map page existing
[RSE] user map page begin
[RSE] user map page existing
[RSE] user map ok
[RSE] user map begin
[RSE] user map page begin
[RSE] user map page existing
[RSE] user map page begin
[RSE] user map page existing
[RSE] user map ok
[RSE] user map begin
[RSE] user map page begin
[RSE] user map page existing
[RSE] user map page begin
[RSE] user map page existing
[RSE] user map ok
[RSE] user map begin
[RSE] user map page begin
[RSE] user map page existing
[RSE] user map page begin
[RSE] user map page existing
[RSE] user map ok
[RSE] user map begin
[RSE] user map page begin
[RSE] user map page existing
[RSE] user map page begin
[RSE] user map page existing
[RSE] user map ok
[RSE] user map begin
[RSE] user map page begin
[RSE] user map page existing
[RSE] user map page begin
[RSE] user map page existing
[RSE] user map ok
[RSE] user map begin
[RSE] user map page begin
[RSE] user map page existing
[RSE] user map page begin
[RSE] user map page existing
[RSE] user map ok
[RSE] user map begin
[RSE] user map page begin
[RSE] user map page existing
[RSE] user map page begin
[RSE] user map page existing
[RSE] user map ok
[RSE] user map begin
[RSE] user map page begin
[RSE] user map page existing
[RSE] user map page begin
[RSE] user map page existing
[RSE] user map ok
[RSE] user map begin
[RSE] user map page begin
[RSE] user map page existing
[RSE] user map page begin
[RSE] user map page existing
[RSE] user map ok
[RSE] user map begin
[RSE] user map page begin
[RSE] user map page existing
[RSE] user map page begin
[RSE] user map page existing
[RSE] user map ok
[RSE] user map begin
[RSE] user map page begin
[RSE] user map page existing
[RSE] user map page begin
[RSE] user map page existing
[RSE] user map ok
[RSE] user map begin
[RSE] user map page begin
[RSE] user map page existing
[RSE] user map page begin
[RSE] user map page existing
[RSE] user map ok
[RSE] user map begin
[RSE] user map page begin
[RSE] user map page existing
[RSE] user map page begin
[RSE] user map page existing
[RSE] user map ok
[RSE] user map begin
[RSE] user map page begin
[RSE] user map page existing
[RSE] user map page begin
[RSE] user map page existing
[RSE] user map ok
[RSE] user map begin
[RSE] user map page begin
[RSE] user map page existing
[RSE] user map page begin
[RSE] user map page existing
[RSE] user map ok
[RSE] user map begin
[RSE] user map page begin
[RSE] user map page existing
[RSE] user map page begin
[RSE] user map page existing
[RSE] user map ok
[RSE] user map begin
[RSE] user map page begin
[RSE] user map page existing
[RSE] user map page begin
[RSE] user map page existing
[RSE] user map ok
[RSE] user map begin
[RSE] user map page begin
[RSE] user map page existing
[RSE] user map page begin
[RSE] user map page existing
[RSE] user map ok
[RSE] user map begin
[RSE] user map page begin
[RSE] user map page existing
[RSE] user map page begin
[RSE] user map page existing
[RSE] user map ok
[RSE] user map begin
[RSE] user map page begin
[RSE] user map page existing
[RSE] user map page begin
[RSE] user map page existing
[RSE] user map ok
[RSE] user map begin
[RSE] user map page begin
[RSE] user map page existing
[RSE] user map page begin
[RSE] user map page existing
[RSE] user map ok
[RSE] user map begin
[RSE] user map page begin
[RSE] user map page existing
[RSE] user map page begin
[RSE] user map page existing
[RSE] user map ok
[RSE] user map begin
[RSE] user map page begin
[RSE] user map page existing
[RSE] user map page begin
[RSE] user map page existing
[RSE] user map ok
[RSE] user map begin
[RSE] user map page begin
[RSE] user map page existing
[RSE] user map page begin
[RSE] user map page existing
[RSE] user map ok
[RSE] user map begin
[RSE] user map page begin
[RSE] user map page existing
[RSE] user map page begin
[RSE] user map page existing
[RSE] user map ok
[RSE] user map begin
[RSE] user map page begin
[RSE] user map page existing
[RSE] user map page begin
[RSE] user map page existing
[RSE] user map ok
[RSE] user map begin
[RSE] user map page begin
[RSE] user map page existing
[RSE] user map page begin
[RSE] user map page existing
[RSE] user map ok
[RSE] user map begin
[RSE] user map page begin
[RSE] user map page existing
[RSE] user map page begin
[RSE] user map page existing
[RSE] user map ok
[RSE] user map begin
[RSE] user map page begin
[RSE] user map page existing
[RSE] user map page begin
[RSE] user map page existing
[RSE] user map ok
[RSE] user map begin
[RSE] user map page begin
[RSE] user map page existing
[RSE] user map page begin
[RSE] user map page existing
[RSE] user map ok
[init] memstress bytes=2097152 cycles=210475571 checksum=14757395259300234354
[RSE] user map begin
[RSE] user map page begin
[RSE] user map page existing
[RSE] user map page begin
[RSE] user map page existing
[RSE] user map ok
[init] memstress bytes=2097152 cycles=209938488 checksum=267386880
[RSE] user map begin
[RSE] user map page begin
[RSE] user map page existing
[RSE] user map page begin
[RSE] user map page existing
[RSE] user map ok
[init] memstress bytes=2097152 cycles=208195387 checksum=7378697629942383101
[RSE] user map begin
[RSE] user map page begin
[RSE] user map page existing
[RSE] user map page begin
[RSE] user map page existing
[RSE] user map ok
[RSE] user map begin
[RSE] user map page begin
[RSE] user map page existing
[RSE] user map page begin
[RSE] user map page existing
[RSE] user map ok
[RSE] user map begin
[RSE] user map page begin
[RSE] user map page existing
[RSE] user map page begin
[RSE] user map page existing
[RSE] user map ok
[RSE] user map begin
[RSE] user map page begin
[RSE] user map page existing
[RSE] user map page begin
[RSE] user map page existing
[RSE] user map ok
[RSE] user map begin
[RSE] user map page begin
[RSE] user map page existing
[RSE] user map page begin
[RSE] user map page existing
[RSE] user map ok
[RSE] user map begin
[RSE] user map page begin
[RSE] user map page existing
[RSE] user map page begin
[RSE] user map page existing
[RSE] user map ok
[RSE] user map begin
[RSE] user map page begin
[RSE] user map page existing
[RSE] user map page begin
[RSE] user map page existing
[RSE] user map ok
[RSE] user map begin
[RSE] user map page begin
[RSE] user map page existing
[RSE] user map page begin
[RSE] user map page existing
[RSE] user map ok
[RSE] user map begin
[RSE] user map page begin
[RSE] user map page existing
[RSE] user map page begin
[RSE] user map page existing
[RSE] user map ok
[RSE] user map begin
[RSE] user map page begin
[RSE] user map page existing
[RSE] user map page begin
[RSE] user map page existing
[RSE] user map ok
[RSE] user map begin
[RSE] user map page begin
[RSE] user map page existing
[RSE] user map page begin
[RSE] user map page existing
[RSE] user map ok
[RSE] user map begin
[RSE] user map page begin
[RSE] user map page existing
[RSE] user map page begin
[RSE] user map page existing
[RSE] user map ok
[RSE] user mode smoke ok
[RSE] user setup start
[RSE] user setup ring3 ready torus=2
[RSE] user map begin
[RSE] user map page begin
[RSE] user map page existing
[RSE] user map page begin
[RSE] user map page existing
[RSE] user map ok
[RSE] user mode smoke begin
[init] ring3 start
[init] torus=2 pid=2
[RSE] user map begin
[RSE] user map page begin
[RSE] user map page existing
[RSE] user map page begin
[RSE] user map page existing
[RSE] user map ok
[init] ring3 start
[init] torus=2 pid=3
[RSE] user map begin
[RSE] user map page begin
[RSE] user map page existing
[RSE] user map page begin
[RSE] user map page existing
[RSE] user map ok
[init] ring3 start
[init] torus=2 pid=4
[RSE] user map begin
[RSE] user map page begin
[RSE] user map page existing
[RSE] user map page begin
[RSE] user map page existing
[RSE] user map ok
[RSE] user map begin
[RSE] user map page begin
[RSE] user map page existing
[RSE] user map page begin
[RSE] user map page existing
[RSE] user map ok
[RSE] user map begin
[RSE] user map page begin
[RSE] user map page existing
[RSE] user map page begin
[RSE] user map page existing
[RSE] user map ok
[RSE] user map begin
[RSE] user map page begin
[RSE] user map page existing
[RSE] user map page begin
[RSE] user map page existing
[RSE] user map ok
[RSE] user map begin
[RSE] user map page begin
[RSE] user map page existing
[RSE] user map page begin
[RSE] user map page existing
[RSE] user map ok
[RSE] user map begin
[RSE] user map page begin
[RSE] user map page existing
[RSE] user map page begin
[RSE] user map page existing
[RSE] user map ok
[RSE] user map begin
[RSE] user map page begin
[RSE] user map page existing
[RSE] user map page begin
[RSE] user map page existing
[RSE] user map ok
[RSE] user map begin
[RSE] user map page begin
[RSE] user map page existing
[RSE] user map page begin
[RSE] user map page existing
[RSE] user map ok
[RSE] user map begin
[RSE] user map page begin
[RSE] user map page existing
[RSE] user map page begin
[RSE] user map page existing
[RSE] user map ok
[RSE] user map begin
[RSE] user map page begin
[RSE] user map page existing
[RSE] user map page begin
[RSE] user map page existing
[RSE] user map ok
[RSE] user map begin
[RSE] user map page begin
[RSE] user map page existing
[RSE] user map page begin
[RSE] user map page existing
[RSE] user map ok
[RSE] user map begin
[RSE] user map page begin
[RSE] user map page existing
[RSE] user map page begin
[RSE] user map page existing
[RSE] user map ok
[RSE] user map begin
[RSE] user map page begin
[RSE] user map page existing
[RSE] user map page begin
[RSE] user map page existing
[RSE] user map ok
[RSE] user map begin
[RSE] user map page begin
[RSE] user map page existing
[RSE] user map page begin
[RSE] user map page existing
[RSE] user map ok
[RSE] user map begin
[RSE] user map page begin
[RSE] user map page existing
[RSE] user map page begin
[RSE] user map page existing
[RSE] user map ok
[RSE] user map begin
[RSE] user map page begin
[RSE] user map page existing
[RSE] user map page begin
[RSE] user map page existing
[RSE] user map ok
[RSE] user map begin
[RSE] user map page begin
[RSE] user map page existing
[RSE] user map page begin
[RSE] user map page existing
[RSE] user map ok
[RSE] user map begin
[RSE] user map page begin
[RSE] user map page existing
[RSE] user map page begin
[RSE] user map page existing
[RSE] user map ok
[RSE] user map begin
[RSE] user map page begin
[RSE] user map page existing
[RSE] user map page begin
[RSE] user map page existing
[RSE] user map ok
[RSE] user map begin
[RSE] user map page begin
[RSE] user map page existing
[RSE] user map page begin
[RSE] user map page existing
[RSE] user map ok
[RSE] user map begin
[RSE] user map page begin
[RSE] user map page existing
[RSE] user map page begin
[RSE] user map page existing
[RSE] user map ok
[RSE] user map begin
[RSE] user map page begin
[RSE] user map page existing
[RSE] user map page begin
[RSE] user map page existing
[RSE] user map ok
[RSE] user map begin
[RSE] user map page begin
[RSE] user map page existing
[RSE] user map page begin
[RSE] user map page existing
[RSE] user map ok
[RSE] user map begin
[RSE] user map page begin
[RSE] user map page existing
[RSE] user map page begin
[RSE] user map page existing
[RSE] user map ok
[RSE] user map begin
[RSE] user map page begin
[RSE] user map page existing
[RSE] user map page begin
[RSE] user map page existing
[RSE] user map ok
[RSE] user map begin
[RSE] user map page begin
[RSE] user map page existing
[RSE] user map page begin
[RSE] user map page existing
[RSE] user map ok
[RSE] user map begin
[RSE] user map page begin
[RSE] user map page existing
[RSE] user map page begin
[RSE] user map page existing
[RSE] user map ok
[RSE] user map begin
[RSE] user map page begin
[RSE] user map page existing
[RSE] user map page begin
[RSE] user map page existing
[RSE] user map ok
[RSE] user map begin
[RSE] user map page begin
[RSE] user map page existing
[RSE] user map page begin
[RSE] user map page existing
[RSE] user map ok
[RSE] user map begin
[RSE] user map page begin
[RSE] user map page existing
[RSE] user map page begin
[RSE] user map page existing
[RSE] user map ok
[RSE] user map begin
[RSE] user map page begin
[RSE] user map page existing
[RSE] user map page begin
[RSE] user map page existing
[RSE] user map ok
[RSE] user map begin
[RSE] user map page begin
[RSE] user map page existing
[RSE] user map page begin
[RSE] user map page existing
[RSE] user map ok
[RSE] user map begin
[RSE] user map page begin
[RSE] user map page existing
[RSE] user map page begin
[RSE] user map page existing
[RSE] user map ok
[RSE] user map begin
[RSE] user map page begin
[RSE] user map page existing
[RSE] user map page begin
[RSE] user map page existing
[RSE] user map ok
[RSE] user map begin
[RSE] user map page begin
[RSE] user map page existing
[RSE] user map page begin
[RSE] user map page existing
[RSE] user map ok
[RSE] user map begin
[RSE] user map page begin
[RSE] user map page existing
[RSE] user map page begin
[RSE] user map page existing
[RSE] user map ok
[RSE] user map begin
[RSE] user map page begin
[RSE] user map page existing
[RSE] user map page begin
[RSE] user map page existing
[RSE] user map ok
[RSE] user map begin
[RSE] user map page begin
[RSE] user map page existing
[RSE] user map page begin
[RSE] user map page existing
[RSE] user map ok
[RSE] user map begin
[RSE] user map page begin
[RSE] user map page existing
[RSE] user map page begin
[RSE] user map page existing
[RSE] user map ok
[RSE] user map begin
[RSE] user map page begin
[RSE] user map page existing
[RSE] user map page begin
[RSE] user map page existing
[RSE] user map ok
[RSE] user map begin
[RSE] user map page begin
[RSE] user map page existing
[RSE] user map page begin
[RSE] user map page existing
[RSE] user map ok
[RSE] user map begin
[RSE] user map page begin
[RSE] user map page existing
[RSE] user map page begin
[RSE] user map page existing
[RSE] user map ok
[RSE] user map begin
[RSE] user map page begin
[RSE] user map page existing
[RSE] user map page begin
[RSE] user map page existing
[RSE] user map ok
[init] compute ops=1000000 cycles=220769243 checksum=13489434137010960902
[RSE] user map begin
[RSE] user map page begin
[RSE] user map page existing
[RSE] user map page begin
[RSE] user map page existing
[RSE] user map ok
[init] compute ops=1000000 cycles=219176677 checksum=13489434137010960902
[RSE] user map begin
[RSE] user map page begin
[RSE] user map page existing
[RSE] user map page begin
[RSE] user map page existing
[RSE] user map ok
[init] compute ops=1000000 cycles=217083184 checksum=13489434137010960902
[RSE] user map begin
[RSE] user map page begin
[RSE] user map page existing
[RSE] user map page begin
[RSE] user map page existing
[RSE] user map ok
[RSE] user map begin
[RSE] user map page begin
[RSE] user map page existing
[RSE] user map page begin
[RSE] user map page existing
[RSE] user map ok
[RSE] user map begin
[RSE] user map page begin
[RSE] user map page existing
[RSE] user map page begin
[RSE] user map page existing
[RSE] user map ok
[RSE] user map begin
[RSE] user map page begin
[RSE] user map page existing
[RSE] user map page begin
[RSE] user map page existing
[RSE] user map ok
[RSE] user map begin
[RSE] user map page begin
[RSE] user map page existing
[RSE] user map page begin
[RSE] user map page existing
[RSE] user map ok
[RSE] user map begin
[RSE] user map page begin
[RSE] user map page existing
[RSE] user map page begin
[RSE] user map page existing
[RSE] user map ok
[RSE] user map begin
[RSE] user map page begin
[RSE] user map page existing
[RSE] user map page begin
[RSE] user map page existing
[RSE] user map ok
[RSE] user map begin
[RSE] user map page begin
[RSE] user map page existing
[RSE] user map page begin
[RSE] user map page existing
[RSE] user map ok
[RSE] user map begin
[RSE] user map page begin
[RSE] user map page existing
[RSE] user map page begin
[RSE] user map page existing
[RSE] user map ok
[RSE] user map begin
[RSE] user map page begin
[RSE] user map page existing
[RSE] user map page begin
[RSE] user map page existing
[RSE] user map ok
[RSE] user map begin
[RSE] user map page begin
[RSE] user map page existing
[RSE] user map page begin
[RSE] user map page existing
[RSE] user map ok
[RSE] user map begin
[RSE] user map page begin
[RSE] user map page existing
[RSE] user map page begin
[RSE] user map page existing
[RSE] user map ok
[RSE] user map begin
[RSE] user map page begin
[RSE] user map page existing
[RSE] user map page begin
[RSE] user map page existing
[RSE] user map ok
[RSE] user map begin
[RSE] user map page begin
[RSE] user map page existing
[RSE] user map page begin
[RSE] user map page existing
[RSE] user map ok
[RSE] user map begin
[RSE] user map page begin
[RSE] user map page existing
[RSE] user map page begin
[RSE] user map page existing
[RSE] user map ok
[RSE] user map begin
[RSE] user map page begin
[RSE] user map page existing
[RSE] user map page begin
[RSE] user map page existing
[RSE] user map ok
[RSE] user map begin
[RSE] user map page begin
[RSE] user map page existing
[RSE] user map page begin
[RSE] user map page existing
[RSE] user map ok
[RSE] user map begin
[RSE] user map page begin
[RSE] user map page existing
[RSE] user map page begin
[RSE] user map page existing
[RSE] user map ok
[RSE] user map begin
[RSE] user map page begin
[RSE] user map page existing
[RSE] user map page begin
[RSE] user map page existing
[RSE] user map ok
[RSE] #PF fault
  rip=1073745441 cs=27 err=21 cr2=1073745441
[RSE] user mode smoke fault
[RSE] user mode exec smoke done
[RSE] compute benchmark start
[RSE] compute ops=400000 cycles=25800613 cycles/op=64 checksum=4180332335208930419
[RSE] compute ns=8893696 ns/op=22
[RSE] memory benchmark start
[RSE] memory bytes=67108864 cycles=1969376444 cycles/byte=29
[RSE] memory ns=678861235 ns/byte=10
[RSE] ramfs benchmark start
[RSE] ramfs ops=192 cycles=65448644 cycles/op=340878 checksum=8355840 files=0
[RSE] ramfs ns=22560718 ns/op=117503
[RSE] fastio benchmark start
[RSE] fastio bytes=2097152 cycles=121016792 cycles/byte=57
[RSE] fastio ns=41715543 ns/byte=19
[RSE] UEFI FS benchmark skipped (smoke)
[RSE] UEFI block benchmark skipped (smoke)
[RSE] virtio-blk benchmark skipped (smoke)
[RSE] net arp benchmark skipped (smoke)
[RSE] udp/http server benchmark skipped (smoke)
[RSE] http loopback benchmark skipped (smoke)
[RSE] benchmarks end
[RSE] auto shutdown
[RSE] run exit rc=0
