[2J[01;01H[=3h[2J[01;01H[2J[01;01H[=3h[2J[01;01H[2J[01;01H[=3h[2J[01;01HBdsDxe: loading Boot0001 "UEFI QEMU DVD-ROM QM00005 " from PciRoot(0x0)/Pci(0x1F,0x2)/Sata(0x2,0xFFFF,0x0)
BdsDxe: starting Boot0001 "UEFI QEMU DVD-ROM QM00005 " from PciRoot(0x0)/Pci(0x1F,0x2)/Sata(0x2,0xFFFF,0x0)
[RSE] UEFI loader start
[RSE] UEFI loader start
[RSE] load_file start
[RSE] BootServices=0x000000001feaff00
[RSE] HandleProtocol=0x000000001fe9c997
[RSE] load_file loaded_image ok
[RSE] load_file fs ok
[RSE] load_file open volume ok
[RSE] load_file open file ok
[RSE] load_file getinfo ok
[RSE] load_file alloc ok
[RSE] load_file read ok
[RSE] Kernel read ok
[RSE] seg paddr=0x0000000010000000 memsz=0x000000000002a120 pages=0x000000000000002b
[RSE] seg paddr=0x000000001002b000 memsz=0x0000000002924278 pages=0x0000000000002925
[RSE] Kernel load ok
[RSE] GOP framebuffer ok
[RSE] Jumping to kernel
[RSE] Jumping to kernel
[RSE] UEFI kernel start
[RSE] boot config net_raw=0 bench_smoke=0 auto_exit=1 rawtcp_only=0 single_torus=1
[RSE] GDT user segments installed
[RSE] timer preemption hz=100
[RSE] UEFI framebuffer online
[RSE] UEFI pointer online
[RSE] UEFI keyboard online
[RSE] benchmarks begin
[RSE] tsc cycles/us=2902 delay_us=100000
[RSE] init workloads start
[RSE] braided smoke skipped (single torus)
[RSE] virtio-blk capacity=131072
[RSE] virtio-blk modern online
[RSE] virtio-net mac=82:84:0:18:52:86
[RSE] virtio-net modern online
[RSE] virtio-net online
[RSE] braid scheduler start
[RSE] torus load a=8
[RSE] os braid exchange skipped (single torus)
[RSE] os braid exchange skipped (single torus)
[RSE] os braid exchange skipped (single torus)
[RSE] torus load a=8
[RSE] os braid cycles=0
[RSE] braid scheduler done
[RSE] user mode exec smoke start
[RSE] user setup start
[RSE] user setup ring3 ready torus=0
[RSE] user map begin
[RSE] user map page begin
[RSE] user map page existing
[RSE] user map page begin
[RSE] user map page existing
[RSE] user map ok
[RSE] user mode smoke begin
[init] ring3 start
[init] torus=0 pid=6
[RSE] user map begin
[RSE] user map page begin
[RSE] user map page existing
[RSE] user map page begin
[RSE] user map page existing
[RSE] user map ok
[init] ring3 start
[init] torus=0 pid=7
[RSE] user map begin
[RSE] user map page begin
[RSE] user map page existing
[RSE] user map page begin
[RSE] user map page existing
[RSE] user map ok
[init] ring3 start
[init] torus=0 pid=8
[RSE] user map begin
[RSE] user map page begin
[RSE] user map page existing
[RSE] user map page begin
[RSE] user map page existing
[RSE] user map ok
[RSE] user map begin
[RSE] user map page begin
[RSE] user map page existing
[RSE] user map page begin
[RSE] user map page existing
[RSE] user map ok
[RSE] user map begin
[RSE] user map page begin
[RSE] user map page existing
[RSE] user map page begin
[RSE] user map page existing
[RSE] user map ok
[RSE] user map begin
[RSE] user map page begin
[RSE] user map page existing
[RSE] user map page begin
[RSE] user map page existing
[RSE] user map ok
[RSE] user map begin
[RSE] user map page begin
[RSE] user map page existing
[RSE] user map page begin
[RSE] user map page existing
[RSE] user map ok
[RSE] user map begin
[RSE] user map page begin
[RSE] user map page existing
[RSE] user map page begin
[RSE] user map page existing
[RSE] user map ok
[RSE] user map begin
[RSE] user map page begin
[RSE] user map page existing
[RSE] user map page begin
[RSE] user map page existing
[RSE] user map ok
[RSE] user map begin
[RSE] user map page begin
[RSE] user map page existing
[RSE] user map page begin
[RSE] user map page existing
[RSE] user map ok
[RSE] user map begin
[RSE] user map page begin
[RSE] user map page existing
[RSE] user map page begin
[RSE] user map page existing
[RSE] user map ok
[RSE] user map begin
[RSE] user map page begin
[RSE] user map page existing
[RSE] user map page begin
[RSE] user map page existing
[RSE] user map ok
[RSE] user map begin
[RSE] user map page begin
[RSE] user map page existing
[RSE] user map page begin
[RSE] user map page existing
[RSE] user map ok
[RSE] user map begin
[RSE] user map page begin
[RSE] user map page existing
[RSE] user map page begin
[RSE] user map page existing
[RSE] user map ok
[RSE] user map begin
[RSE] user map page begin
[RSE] user map page existing
[RSE] user map page begin
[RSE] user map page existing
[RSE] user map ok
[RSE] user map begin
[RSE] user map page begin
[RSE] user map page existing
[RSE] user map page begin
[RSE] user map page existing
[RSE] user map ok
[RSE] user map begin
[RSE] user map page begin
[RSE] user map page existing
[RSE] user map page begin
[RSE] user map page existing
[RSE] user map ok
[RSE] user map begin
[RSE] user map page begin
[RSE] user map page existing
[RSE] user map page begin
[RSE] user map page existing
[RSE] user map ok
[RSE] user map begin
[RSE] user map page begin
[RSE] user map page existing
[RSE] user map page begin
[RSE] user map page existing
[RSE] user map ok
[RSE] user map begin
[RSE] user map page begin
[RSE] user map page existing
[RSE] user map page begin
[RSE] user map page existing
[RSE] user map ok
[RSE] user map begin
[RSE] user map page begin
[RSE] user map page existing
[RSE] user map page begin
[RSE] user map page existing
[RSE] user map ok
[RSE] user map begin
[RSE] user map page begin
[RSE] user map page existing
[RSE] user map page begin
[RSE] user map page existing
[RSE] user map ok
[RSE] user map begin
[RSE] user map page begin
[RSE] user map page existing
[RSE] user map page begin
[RSE] user map page existing
[RSE] user map ok
[RSE] user map begin
[RSE] user map page begin
[RSE] user map page existing
[RSE] user map page begin
[RSE] user map page existing
[RSE] user map ok
[RSE] user map begin
[RSE] user map page begin
[RSE] user map page existing
[RSE] user map page begin
[RSE] user map page existing
[RSE] user map ok
[RSE] user map begin
[RSE] user map page begin
[RSE] user map page existing
[RSE] user map page begin
[RSE] user map page existing
[RSE] user map ok
[RSE] user map begin
[RSE] user map page begin
[RSE] user map page existing
[RSE] user map page begin
[RSE] user map page existing
[RSE] user map ok
[RSE] user map begin
[RSE] user map page begin
[RSE] user map page existing
[RSE] user map page begin
[RSE] user map page existing
[RSE] user map ok
[RSE] user map begin
[RSE] user map page begin
[RSE] user map page existing
[RSE] user map page begin
[RSE] user map page existing
[RSE] user map ok
[RSE] user map begin
[RSE] user map page begin
[RSE] user map page existing
[RSE] user map page begin
[RSE] user map page existing
[RSE] user map ok
[RSE] user map begin
[RSE] user map page begin
[RSE] user map page existing
[RSE] user map page begin
[RSE] user map page existing
[RSE] user map ok
[RSE] user map begin
[RSE] user map page begin
[RSE] user map page existing
[RSE] user map page begin
[RSE] user map page existing
[RSE] user map ok
[RSE] user map begin
[RSE] user map page begin
[RSE] user map page existing
[RSE] user map page begin
[RSE] user map page existing
[RSE] user map ok
[RSE] user map begin
[RSE] user map page begin
[RSE] user map page existing
[RSE] user map page begin
[RSE] user map page existing
[RSE] user map ok
[RSE] user map begin
[RSE] user map page begin
[RSE] user map page existing
[RSE] user map page begin
[RSE] user map page existing
[RSE] user map ok
[RSE] user map begin
[RSE] user map page begin
[RSE] user map page existing
[RSE] user map page begin
[RSE] user map page existing
[RSE] user map ok
[RSE] user map begin
[RSE] user map page begin
[RSE] user map page existing
[RSE] user map page begin
[RSE] user map page existing
[RSE] user map ok
[RSE] user map begin
[RSE] user map page begin
[RSE] user map page existing
[RSE] user map page begin
[RSE] user map page existing
[RSE] user map ok
[RSE] user map begin
[RSE] user map page begin
[RSE] user map page existing
[RSE] user map page begin
[RSE] user map page existing
[RSE] user map ok
[RSE] user map begin
[RSE] user map page begin
[RSE] user map page existing
[RSE] user map page begin
[RSE] user map page existing
[RSE] user map ok
[RSE] user map begin
[RSE] user map page begin
[RSE] user map page existing
[RSE] user map page begin
[RSE] user map page existing
[RSE] user map ok
[RSE] user map begin
[RSE] user map page begin
[RSE] user map page existing
[RSE] user map page begin
[RSE] user map page existing
[RSE] user map ok
[RSE] user map begin
[RSE] user map page begin
[RSE] user map page existing
[RSE] user map page begin
[RSE] user map page existing
[RSE] user map ok
[RSE] user map begin
[RSE] user map page begin
[RSE] user map page existing
[RSE] user map page begin
[RSE] user map page existing
[RSE] user map ok
[RSE] user map begin
[RSE] user map page begin
[RSE] user map page existing
[RSE] user map page begin
[RSE] user map page existing
[RSE] user map ok
[init] compute ops=1000000 cycles=140486460 checksum=13489434137010960902
[RSE] user map begin
[RSE] user map page begin
[RSE] user map page existing
[RSE] user map page begin
[RSE] user map page existing
[RSE] user map ok
[init] compute ops=1000000 cycles=139792719 checksum=13489434137010960902
[RSE] user map begin
[RSE] user map page begin
[RSE] user map page existing
[RSE] user map page begin
[RSE] user map page existing
[RSE] user map ok
[init] compute ops=1000000 cycles=138863089 checksum=13489434137010960902
[RSE] user map begin
[RSE] user map page begin
[RSE] user map page existing
[RSE] user map page begin
[RSE] user map page existing
[RSE] user map ok
[RSE] user map begin
[RSE] user map page begin
[RSE] user map page existing
[RSE] user map page begin
[RSE] user map page existing
[RSE] user map ok
[RSE] user map begin
[RSE] user map page begin
[RSE] user map page existing
[RSE] user map page begin
[RSE] user map page existing
[RSE] user map ok
[RSE] user map begin
[RSE] user map page begin
[RSE] user map page existing
[RSE] user map page begin
[RSE] user map page existing
[RSE] user map ok
[init] using /persist
[RSE] user map begin
[RSE] user map page begin
[RSE] user map page existing
[RSE] user map page begin
[RSE] user map page existing
[RSE] user map ok
[init] using /persist
[RSE] user map begin
[RSE] user map page begin
[RSE] user map page existing
[RSE] user map page begin
[RSE] user map page existing
[RSE] user map ok
[init] using /persist
[RSE] user map begin
[RSE] user map page begin
[RSE] user map page existing
[RSE] user map page begin
[RSE] user map page existing
[RSE] user map ok
[RSE] user map begin
[RSE] user map page begin
[RSE] user map page existing
[RSE] user map page begin
[RSE] user map page existing
[RSE] user map ok
[RSE] user map begin
[RSE] user map page begin
[RSE] user map page existing
[RSE] user map page begin
[RSE] user map page existing
[RSE] user map ok
[RSE] user map begin
[RSE] user map page begin
[RSE] user map page existing
[RSE] user map page begin
[RSE] user map page existing
[RSE] user map ok
[RSE] user map begin
[RSE] user map page begin
[RSE] user map page existing
[RSE] user map page begin
[RSE] user map page existing
[RSE] user map ok
[RSE] user map begin
[RSE] user map page begin
[RSE] user map page existing
[RSE] user map page begin
[RSE] user map page existing
[RSE] user map ok
[RSE] user map begin
[RSE] user map page begin
[RSE] user map page existing
[RSE] user map page begin
[RSE] user map page existing
[RSE] user map ok
[RSE] user map begin
[RSE] user map page begin
[RSE] user map page existing
[RSE] user map page begin
[RSE] user map page existing
[RSE] user map ok
[RSE] user map begin
[RSE] user map page begin
[RSE] user map page existing
[RSE] user map page begin
[RSE] user map page existing
[RSE] user map ok
[RSE] user map begin
[RSE] user map page begin
[RSE] user map page existing
[RSE] user map page begin
[RSE] user map page existing
[RSE] user map ok
[RSE] user map begin
[RSE] user map page begin
[RSE] user map page existing
[RSE] user map page begin
[RSE] user map page existing
[RSE] user map ok
[RSE] user map begin
[RSE] user map page begin
[RSE] user map page existing
[RSE] user map page begin
[RSE] user map page existing
[RSE] user map ok
[RSE] user map begin
[RSE] user map page begin
[RSE] user map page existing
[RSE] user map page begin
[RSE] user map page existing
[RSE] user map ok
[RSE] user map begin
[RSE] user map page begin
[RSE] user map page existing
[RSE] user map page begin
[RSE] user map page existing
[RSE] user map ok
[RSE] user map begin
[RSE] user map page begin
[RSE] user map page existing
[RSE] user map page begin
[RSE] user map page existing
[RSE] user map ok
[RSE] user map begin
[RSE] user map page begin
[RSE] user map page existing
[RSE] user map page begin
[RSE] user map page existing
[RSE] user map ok
[RSE] user map begin
[RSE] user map page begin
[RSE] user map page existing
[RSE] user map page begin
[RSE] user map page existing
[RSE] user map ok
[RSE] user map begin
[RSE] user map page begin
[RSE] user map page existing
[RSE] user map page begin
[RSE] user map page existing
[RSE] user map ok
[RSE] user map begin
[RSE] user map page begin
[RSE] user map page existing
[RSE] user map page begin
[RSE] user map page existing
[RSE] user map ok
[RSE] user map begin
[RSE] user map page begin
[RSE] user map page existing
[RSE] user map page begin
[RSE] user map page existing
[RSE] user map ok
[RSE] user map begin
[RSE] user map page begin
[RSE] user map page existing
[RSE] user map page begin
[RSE] user map page existing
[RSE] user map ok
[RSE] user map begin
[RSE] user map page begin
[RSE] user map page existing
[RSE] user map page begin
[RSE] user map page existing
[RSE] user map ok
[RSE] user map begin
[RSE] user map page begin
[RSE] user map page existing
[RSE] user map page begin
[RSE] user map page existing
[RSE] user map ok
[RSE] user map begin
[RSE] user map page begin
[RSE] user map page existing
[RSE] user map page begin
[RSE] user map page existing
[RSE] user map ok
[RSE] user map begin
[RSE] user map page begin
[RSE] user map page existing
[RSE] user map page begin
[RSE] user map page existing
[RSE] user map ok
[RSE] user map begin
[RSE] user map page begin
[RSE] user map page existing
[RSE] user map page begin
[RSE] user map page existing
[RSE] user map ok
[RSE] user map begin
[RSE] user map page begin
[RSE] user map page existing
[RSE] user map page begin
[RSE] user map page existing
[RSE] user map ok
[RSE] user map begin
[RSE] user map page begin
[RSE] user map page existing
[RSE] user map page begin
[RSE] user map page existing
[RSE] user map ok
[RSE] user map begin
[RSE] user map page begin
[RSE] user map page existing
[RSE] user map page begin
[RSE] user map page existing
[RSE] user map ok
[RSE] user map begin
[RSE] user map page begin
[RSE] user map page existing
[RSE] user map page begin
[RSE] user map page existing
[RSE] user map ok
[RSE] user map begin
[RSE] user map page begin
[RSE] user map page existing
[RSE] user map page begin
[RSE] user map page existing
[RSE] user map ok
[RSE] user map begin
[RSE] user map page begin
[RSE] user map page existing
[RSE] user map page begin
[RSE] user map page existing
[RSE] user map ok
[RSE] user map begin
[RSE] user map page begin
[RSE] user map page existing
[RSE] user map page begin
[RSE] user map page existing
[RSE] user map ok
[RSE] user map begin
[RSE] user map page begin
[RSE] user map page existing
[RSE] user map page begin
[RSE] user map page existing
[RSE] user map ok
[RSE] user map begin
[RSE] user map page begin
[RSE] user map page existing
[RSE] user map page begin
[RSE] user map page existing
[RSE] user map ok
[RSE] user map begin
[RSE] user map page begin
[RSE] user map page existing
[RSE] user map page begin
[RSE] user map page existing
[RSE] user map ok
[RSE] user map begin
[RSE] user map page begin
[RSE] user map page existing
[RSE] user map page begin
[RSE] user map page existing
[RSE] user map ok
[RSE] user map begin
[RSE] user map page begin
[RSE] user map page existing
[RSE] user map page begin
[RSE] user map page existing
[RSE] user map ok
[RSE] user map begin
[RSE] user map page begin
[RSE] user map page existing
[RSE] user map page begin
[RSE] user map page existing
[RSE] user map ok
[RSE] user map begin
[RSE] user map page begin
[RSE] user map page existing
[RSE] user map page begin
[RSE] user map page existing
[RSE] user map ok
[init] file ops=160 bytes=131072 cycles=20392363632
[init] ls /
dev/
persist/
bin/

[init] ls /persist
ls: empty

stat /dev/blk0 size=0 type=device
[init] loopback read=13
[RSE] user map begin
[RSE] user map page begin
[RSE] user map page existing
[RSE] user map page begin
[RSE] user map page existing
[RSE] user map ok
[init] file ops=160 bytes=131072 cycles=18653977290
[init] ls /
dev/
persist/
bin/

[init] ls /persist
ls: empty

stat /dev/blk0 size=0 type=device
[init] loopback read=13
[RSE] user map begin
[RSE] user map page begin
[RSE] user map page existing
[RSE] user map page begin
[RSE] user map page existing
[RSE] user map ok
[init] file ops=160 bytes=131072 cycles=17993176576
[init] ls /
dev/
persist/
bin/

[init] ls /persist
ls: empty

stat /dev/blk0 size=0 type=device
[init] loopback read=13
[RSE] user map begin
[RSE] user map page begin
[RSE] user map page existing
[RSE] user map page begin
[RSE] user map page existing
[RSE] user map ok
[RSE] user map begin
[RSE] user map page begin
[RSE] user map page existing
[RSE] user map page begin
[RSE] user map page existing
[RSE] user map ok
[RSE] user map begin
[RSE] user map page begin
[RSE] user map page existing
[RSE] user map page begin
[RSE] user map page existing
[RSE] user map ok
[RSE] user map begin
[RSE] user map page begin
[RSE] user map page existing
[RSE] user map page begin
[RSE] user map page existing
[RSE] user map ok
[RSE] user map begin
[RSE] user map page begin
[RSE] user map page existing
[RSE] user map page begin
[RSE] user map page existing
[RSE] user map ok
[RSE] user map begin
[RSE] user map page begin
[RSE] user map page existing
[RSE] user map page begin
[RSE] user map page existing
[RSE] user map ok
[RSE] user map begin
[RSE] user map page begin
[RSE] user map page existing
[RSE] user map page begin
[RSE] user map page existing
[RSE] user map ok
[RSE] user map begin
[RSE] user map page begin
[RSE] user map page existing
[RSE] user map page begin
[RSE] user map page existing
[RSE] user map ok
[RSE] user map begin
[RSE] user map page begin
[RSE] user map page existing
[RSE] user map page begin
[RSE] user map page existing
[RSE] user map ok
[RSE] user map begin
[RSE] user map page begin
[RSE] user map page existing
[RSE] user map page begin
[RSE] user map page existing
[RSE] user map ok
[RSE] user map begin
[RSE] user map page begin
[RSE] user map page existing
[RSE] user map page begin
[RSE] user map page existing
[RSE] user map ok
[RSE] user map begin
[RSE] user map page begin
[RSE] user map page existing
[RSE] user map page begin
[RSE] user map page existing
[RSE] user map ok
[RSE] user map begin
[RSE] user map page begin
[RSE] user map page existing
[RSE] user map page begin
[RSE] user map page existing
[RSE] user map ok
[RSE] user map begin
[RSE] user map page begin
[RSE] user map page existing
[RSE] user map page begin
[RSE] user map page existing
[RSE] user map ok
[RSE] user map begin
[RSE] user map page begin
[RSE] user map page existing
[RSE] user map page begin
[RSE] user map page existing
[RSE] user map ok
[RSE] user map begin
[RSE] user map page begin
[RSE] user map page existing
[RSE] user map page begin
[RSE] user map page existing
[RSE] user map ok
[RSE] user map begin
[RSE] user map page begin
[RSE] user map page existing
[RSE] user map page begin
[RSE] user map page existing
[RSE] user map ok
[RSE] user map begin
[RSE] user map page begin
[RSE] user map page existing
[RSE] user map page begin
[RSE] user map page existing
[RSE] user map ok
[RSE] user map begin
[RSE] user map page begin
[RSE] user map page existing
[RSE] user map page begin
[RSE] user map page existing
[RSE] user map ok
[RSE] user map begin
[RSE] user map page begin
[RSE] user map page existing
[RSE] user map page begin
[RSE] user map page existing
[RSE] user map ok
[RSE] user map begin
[RSE] user map page begin
[RSE] user map page existing
[RSE] user map page begin
[RSE] user map page existing
[RSE] user map ok
[RSE] user map begin
[RSE] user map page begin
[RSE] user map page existing
[RSE] user map page begin
[RSE] user map page existing
[RSE] user map ok
[RSE] user map begin
[RSE] user map page begin
[RSE] user map page existing
[RSE] user map page begin
[RSE] user map page existing
[RSE] user map ok
[RSE] user map begin
[RSE] user map page begin
[RSE] user map page existing
[RSE] user map page begin
[RSE] user map page existing
[RSE] user map ok
[RSE] user map begin
[RSE] user map page begin
[RSE] user map page existing
[RSE] user map page begin
[RSE] user map page existing
[RSE] user map ok
[RSE] user map begin
[RSE] user map page begin
[RSE] user map page existing
[RSE] user map page begin
[RSE] user map page existing
[RSE] user map ok
[RSE] user map begin
[RSE] user map page begin
[RSE] user map page existing
[RSE] user map page begin
[RSE] user map page existing
[RSE] user map ok
[RSE] user map begin
[RSE] user map page begin
[RSE] user map page existing
[RSE] user map page begin
[RSE] user map page existing
[RSE] user map ok
[RSE] user map begin
[RSE] user map page begin
[RSE] user map page existing
[RSE] user map page begin
[RSE] user map page existing
[RSE] user map ok
[RSE] user map begin
[RSE] user map page begin
[RSE] user map page existing
[RSE] user map page begin
[RSE] user map page existing
[RSE] user map ok
[RSE] user map begin
[RSE] user map page begin
[RSE] user map page existing
[RSE] user map page begin
[RSE] user map page existing
[RSE] user map ok
[RSE] user map begin
[RSE] user map page begin
[RSE] user map page existing
[RSE] user map page begin
[RSE] user map page existing
[RSE] user map ok
[RSE] user map begin
[RSE] user map page begin
[RSE] user map page existing
[RSE] user map page begin
[RSE] user map page existing
[RSE] user map ok
[RSE] user map begin
[RSE] user map page begin
[RSE] user map page existing
[RSE] user map page begin
[RSE] user map page existing
[RSE] user map ok
[RSE] user map begin
[RSE] user map page begin
[RSE] user map page existing
[RSE] user map page begin
[RSE] user map page existing
[RSE] user map ok
[RSE] user map begin
[RSE] user map page begin
[RSE] user map page existing
[RSE] user map page begin
[RSE] user map page existing
[RSE] user map ok
[RSE] user map begin
[RSE] user map page begin
[RSE] user map page existing
[RSE] user map page begin
[RSE] user map page existing
[RSE] user map ok
[RSE] user map begin
[RSE] user map page begin
[RSE] user map page existing
[RSE] user map page begin
[RSE] user map page existing
[RSE] user map ok
[RSE] user map begin
[RSE] user map page begin
[RSE] user map page existing
[RSE] user map page begin
[RSE] user map page existing
[RSE] user map ok
[RSE] user map begin
[RSE] user map page begin
[RSE] user map page existing
[RSE] user map page begin
[RSE] user map page existing
[RSE] user map ok
[init] /dev/blk0 ops=64 bytes=32768 mismatches=0 cycles=754427904
[RSE] user map begin
[RSE] user map page begin
[RSE] user map page existing
[RSE] user map page begin
[RSE] user map page existing
[RSE] user map ok
[init] /dev/blk0 ops=64 bytes=32768 mismatches=0 cycles=717163928
[RSE] user map begin
[RSE] user map page begin
[RSE] user map page existing
[RSE] user map page begin
[RSE] user map page existing
[RSE] user map ok
[init] /dev/blk0 ops=64 bytes=32768 mismatches=0 cycles=677191100
[RSE] user map begin
[RSE] user map page begin
[RSE] user map page existing
[RSE] user map page begin
[RSE] user map page existing
[RSE] user map ok
[RSE] user map begin
[RSE] user map page begin
[RSE] user map page existing
[RSE] user map page begin
[RSE] user map page existing
[RSE] user map ok
[RSE] user map begin
[RSE] user map page begin
[RSE] user map page existing
[RSE] user map page begin
[RSE] user map page existing
[RSE] user map ok
[RSE] user map begin
[RSE] user map page begin
[RSE] user map page existing
[RSE] user map page begin
[RSE] user map page existing
[RSE] user map ok
[RSE] user map begin
[RSE] user map page begin
[RSE] user map page existing
[RSE] user map page begin
[RSE] user map page existing
[RSE] user map ok
[RSE] user map begin
[RSE] user map page begin
[RSE] user map page existing
[RSE] user map page begin
[RSE] user map page existing
[RSE] user map ok
[RSE] user mode smoke ok
[RSE] user mode exec smoke done
[RSE] compute benchmark start
[RSE] compute ops=400000 cycles=17683203 cycles/op=44 checksum=4180332335208930419
[RSE] compute ns=6093453 ns/op=15
[RSE] memory benchmark start
[RSE] memory bytes=67108864 cycles=988191849 cycles/byte=14
[RSE] memory ns=340520967 ns/byte=5
[RSE] ramfs benchmark start
[RSE] ramfs ops=192 cycles=11191828 cycles/op=58290 checksum=8355840 files=0
[RSE] ramfs ns=3856591 ns/op=20086
[RSE] fastio benchmark start
[RSE] fastio bytes=2097152 cycles=42820437 cycles/byte=20
[RSE] fastio ns=14755491 ns/byte=7
[RSE] UEFI FS benchmark start
[RSE] UEFI FS ops=72 cycles=224008907 cycles/op=3111234 checksum=6266880
[RSE] UEFI FS ns=77191215 ns/op=1072100
[RSE] UEFI block benchmark start
[RSE] UEFI block bytes=131072 write cycles=2013199 write cycles/byte=15 read cycles=1994394 read cycles/byte=15 checksum=16711680
[RSE] UEFI block ns write=693728 ns/byte=5 read ns=687248 ns/byte=5
[RSE] virtio-blk capacity=131072
[RSE] virtio-blk modern online
[RSE] virtio-blk benchmark start
[RSE] virtio-blk bytes=512 write cycles=6845498 write cycles/byte=13370 read cycles=3649734 read cycles/byte=7128 checksum=65280
[RSE] virtio-blk ns write=2358889 ns/byte=4607 read ns=1257661 ns/byte=2456
[RSE] net arp bytes=0 cycles=10889759
[RSE] net arp ns=3752501
[RSE] udp/http server benchmark start
[RSE] udp/http server rx=0 udp=0 http=0 cycles=2446469
[RSE] udp/http server ns=843028
[RSE] http loopback benchmark start
[RSE] http requests=20000 cycles=15955027 cycles/req=797 checksum=87460000
[RSE] http ns=5497941 ns/req=274
[RSE] benchmarks end
[RSE] auto shutdown
