[2J[01;01H[=3h[2J[01;01H[2J[01;01H[=3h[2J[01;01H[2J[01;01H[=3h[2J[01;01HBdsDxe: loading Boot0001 "UEFI QEMU DVD-ROM QM00005 " from PciRoot(0x0)/Pci(0x1F,0x2)/Sata(0x2,0xFFFF,0x0)
BdsDxe: starting Boot0001 "UEFI QEMU DVD-ROM QM00005 " from PciRoot(0x0)/Pci(0x1F,0x2)/Sata(0x2,0xFFFF,0x0)
[RSE] UEFI loader start
[RSE] UEFI loader start
[RSE] load_file start
[RSE] BootServices=0x000000001feaff00
[RSE] HandleProtocol=0x000000001fe9c997
[RSE] load_file loaded_image ok
[RSE] load_file fs ok
[RSE] load_file open volume ok
[RSE] load_file open file ok
[RSE] load_file getinfo ok
[RSE] load_file alloc ok
[RSE] load_file read ok
[RSE] Kernel read ok
[RSE] seg paddr=0x0000000010000000 memsz=0x000000000002b120 pages=0x000000000000002c
[RSE] seg paddr=0x000000001002c000 memsz=0x000000000292c278 pages=0x000000000000292d
[RSE] Kernel load ok
[RSE] GOP framebuffer ok
[RSE] Jumping to kernel
[RSE] Jumping to kernel
[RSE] UEFI kernel start
[RSE] boot config net_raw=1 bench_smoke=0 auto_exit=1 rawtcp_only=0 single_torus=1
[RSE] GDT user segments installed
[RSE] timer preemption hz=100
[RSE] UEFI framebuffer online
[RSE] UEFI pointer online
[RSE] UEFI keyboard online
[RSE] benchmarks begin
[RSE] tsc cycles/us=2900 delay_us=100000
[RSE] init workloads start
[RSE] braided smoke skipped (single torus)
[RSE] virtio-blk capacity=131072
[RSE] virtio-blk modern online
[RSE] virtio-net mac=82:84:0:18:52:86
[RSE] virtio-net modern online
[RSE] virtio-net online
[RSE] braid scheduler start
[RSE] torus load a=8
[RSE] os braid exchange skipped (single torus)
[RSE] os braid exchange skipped (single torus)
[RSE] os braid exchange skipped (single torus)
[RSE] torus load a=8
[RSE] os braid cycles=0
[RSE] braid scheduler done
[RSE] user mode exec smoke start
[RSE] user setup start
[RSE] user setup ring3 ready torus=0
[RSE] user map begin
[RSE] user map page begin
[RSE] user map page existing
[RSE] user map page begin
[RSE] user map page existing
[RSE] user map ok
[RSE] user mode smoke begin
[init] ring3 start
[init] torus=0 pid=6
[RSE] user map begin
[RSE] user map page begin
[RSE] user map page existing
[RSE] user map page begin
[RSE] user map page existing
[RSE] user map ok
[init] ring3 start
[init] torus=0 pid=7
[RSE] user map begin
[RSE] user map page begin
[RSE] user map page existing
[RSE] user map page begin
[RSE] user map page existing
[RSE] user map ok
[init] ring3 start
[init] torus=0 pid=8
[RSE] user map begin
[RSE] user map page begin
[RSE] user map page existing
[RSE] user map page begin
[RSE] user map page existing
[RSE] user map ok
[RSE] user map begin
[RSE] user map page begin
[RSE] user map page existing
[RSE] user map page begin
[RSE] user map page existing
[RSE] user map ok
[RSE] user map begin
[RSE] user map page begin
[RSE] user map page existing
[RSE] user map page begin
[RSE] user map page existing
[RSE] user map ok
[RSE] user map begin
[RSE] user map page begin
[RSE] user map page existing
[RSE] user map page begin
[RSE] user map page existing
[RSE] user map ok
[RSE] user map begin
[RSE] user map page begin
[RSE] user map page existing
[RSE] user map page begin
[RSE] user map page existing
[RSE] user map ok
[RSE] user map begin
[RSE] user map page begin
[RSE] user map page existing
[RSE] user map page begin
[RSE] user map page existing
[RSE] user map ok
[RSE] user map begin
[RSE] user map page begin
[RSE] user map page existing
[RSE] user map page begin
[RSE] user map page existing
[RSE] user map ok
[RSE] user map begin
[RSE] user map page begin
[RSE] user map page existing
[RSE] user map page begin
[RSE] user map page existing
[RSE] user map ok
[RSE] user map begin
[RSE] user map page begin
[RSE] user map page existing
[RSE] user map page begin
[RSE] user map page existing
[RSE] user map ok
[RSE] user map begin
[RSE] user map page begin
[RSE] user map page existing
[RSE] user map page begin
[RSE] user map page existing
[RSE] user map ok
[RSE] user map begin
[RSE] user map page begin
[RSE] user map page existing
[RSE] user map page begin
[RSE] user map page existing
[RSE] user map ok
[RSE] user map begin
[RSE] user map page begin
[RSE] user map page existing
[RSE] user map page begin
[RSE] user map page existing
[RSE] user map ok
[RSE] user map begin
[RSE] user map page begin
[RSE] user map page existing
[RSE] user map page begin
[RSE] user map page existing
[RSE] user map ok
[RSE] user map begin
[RSE] user map page begin
[RSE] user map page existing
[RSE] user map page begin
[RSE] user map page existing
[RSE] user map ok
[RSE] user map begin
[RSE] user map page begin
[RSE] user map page existing
[RSE] user map page begin
[RSE] user map page existing
[RSE] user map ok
[RSE] user map begin
[RSE] user map page begin
[RSE] user map page existing
[RSE] user map page begin
[RSE] user map page existing
[RSE] user map ok
[RSE] user map begin
[RSE] user map page begin
[RSE] user map page existing
[RSE] user map page begin
[RSE] user map page existing
[RSE] user map ok
[RSE] user map begin
[RSE] user map page begin
[RSE] user map page existing
[RSE] user map page begin
[RSE] user map page existing
[RSE] user map ok
[RSE] user map begin
[RSE] user map page begin
[RSE] user map page existing
[RSE] user map page begin
[RSE] user map page existing
[RSE] user map ok
[RSE] user map begin
[RSE] user map page begin
[RSE] user map page existing
[RSE] user map page begin
[RSE] user map page existing
[RSE] user map ok
[RSE] user map begin
[RSE] user map page begin
[RSE] user map page existing
[RSE] user map page begin
[RSE] user map page existing
[RSE] user map ok
[RSE] user map begin
[RSE] user map page begin
[RSE] user map page existing
[RSE] user map page begin
[RSE] user map page existing
[RSE] user map ok
[RSE] user map begin
[RSE] user map page begin
[RSE] user map page existing
[RSE] user map page begin
[RSE] user map page existing
[RSE] user map ok
[RSE] user map begin
[RSE] user map page begin
[RSE] user map page existing
[RSE] user map page begin
[RSE] user map page existing
[RSE] user map ok
[RSE] user map begin
[RSE] user map page begin
[RSE] user map page existing
[RSE] user map page begin
[RSE] user map page existing
[RSE] user map ok
[RSE] user map begin
[RSE] user map page begin
[RSE] user map page existing
[RSE] user map page begin
[RSE] user map page existing
[RSE] user map ok
[RSE] user map begin
[RSE] user map page begin
[RSE] user map page existing
[RSE] user map page begin
[RSE] user map page existing
[RSE] user map ok
[RSE] user map begin
[RSE] user map page begin
[RSE] user map page existing
[RSE] user map page begin
[RSE] user map page existing
[RSE] user map ok
[RSE] user map begin
[RSE] user map page begin
[RSE] user map page existing
[RSE] user map page begin
[RSE] user map page existing
[RSE] user map ok
[RSE] user map begin
[RSE] user map page begin
[RSE] user map page existing
[RSE] user map page begin
[RSE] user map page existing
[RSE] user map ok
[RSE] user map begin
[RSE] user map page begin
[RSE] user map page existing
[RSE] user map page begin
[RSE] user map page existing
[RSE] user map ok
[RSE] user map begin
[RSE] user map page begin
[RSE] user map page existing
[RSE] user map page begin
[RSE] user map page existing
[RSE] user map ok
[RSE] user map begin
[RSE] user map page begin
[RSE] user map page existing
[RSE] user map page begin
[RSE] user map page existing
[RSE] user map ok
[RSE] user map begin
[RSE] user map page begin
[RSE] user map page existing
[RSE] user map page begin
[RSE] user map page existing
[RSE] user map ok
[RSE] user map begin
[RSE] user map page begin
[RSE] user map page existing
[RSE] user map page begin
[RSE] user map page existing
[RSE] user map ok
[RSE] user map begin
[RSE] user map page begin
[RSE] user map page existing
[RSE] user map page begin
[RSE] user map page existing
[RSE] user map ok
[RSE] user map begin
[RSE] user map page begin
[RSE] user map page existing
[RSE] user map page begin
[RSE] user map page existing
[RSE] user map ok
[RSE] user map begin
[RSE] user map page begin
[RSE] user map page existing
[RSE] user map page begin
[RSE] user map page existing
[RSE] user map ok
[RSE] user map begin
[RSE] user map page begin
[RSE] user map page existing
[RSE] user map page begin
[RSE] user map page existing
[RSE] user map ok
[RSE] user map begin
[RSE] user map page begin
[RSE] user map page existing
[RSE] user map page begin
[RSE] user map page existing
[RSE] user map ok
[RSE] user map begin
[RSE] user map page begin
[RSE] user map page existing
[RSE] user map page begin
[RSE] user map page existing
[RSE] user map ok
[RSE] user map begin
[RSE] user map page begin
[RSE] user map page existing
[RSE] user map page begin
[RSE] user map page existing
[RSE] user map ok
[RSE] user map begin
[RSE] user map page begin
[RSE] user map page existing
[RSE] user map page begin
[RSE] user map page existing
[RSE] user map ok
[init] compute ops=1000000 cycles=139035065 checksum=13489434137010960902
[RSE] user map begin
[RSE] user map page begin
[RSE] user map page existing
[RSE] user map page begin
[RSE] user map page existing
[RSE] user map ok
[init] compute ops=1000000 cycles=134335493 checksum=13489434137010960902
[RSE] user map begin
[RSE] user map page begin
[RSE] user map page existing
[RSE] user map page begin
[RSE] user map page existing
[RSE] user map ok
[init] compute ops=1000000 cycles=134097029 checksum=13489434137010960902
[RSE] user map begin
[RSE] user map page begin
[RSE] user map page existing
[RSE] user map page begin
[RSE] user map page existing
[RSE] user map ok
[RSE] user map begin
[RSE] user map page begin
[RSE] user map page existing
[RSE] user map page begin
[RSE] user map page existing
[RSE] user map ok
[RSE] user map begin
[RSE] user map page begin
[RSE] user map page existing
[RSE] user map page begin
[RSE] user map page existing
[RSE] user map ok
[RSE] user map begin
[RSE] user map page begin
[RSE] user map page existing
[RSE] user map page begin
[RSE] user map page existing
[RSE] user map ok
[init] using /persist
[RSE] user map begin
[RSE] user map page begin
[RSE] user map page existing
[RSE] user map page begin
[RSE] user map page existing
[RSE] user map ok
[init] using /persist
[RSE] user map begin
[RSE] user map page begin
[RSE] user map page existing
[RSE] user map page begin
[RSE] user map page existing
[RSE] user map ok
[init] using /persist
[RSE] user map begin
[RSE] user map page begin
[RSE] user map page existing
[RSE] user map page begin
[RSE] user map page existing
[RSE] user map ok
[RSE] user map begin
[RSE] user map page begin
[RSE] user map page existing
[RSE] user map page begin
[RSE] user map page existing
[RSE] user map ok
[RSE] user map begin
[RSE] user map page begin
[RSE] user map page existing
[RSE] user map page begin
[RSE] user map page existing
[RSE] user map ok
[RSE] user map begin
[RSE] user map page begin
[RSE] user map page existing
[RSE] user map page begin
[RSE] user map page existing
[RSE] user map ok
[RSE] user map begin
[RSE] user map page begin
[RSE] user map page existing
[RSE] user map page begin
[RSE] user map page existing
[RSE] user map ok
[RSE] user map begin
[RSE] user map page begin
[RSE] user map page existing
[RSE] user map page begin
[RSE] user map page existing
[RSE] user map ok
[RSE] user map begin
[RSE] user map page begin
[RSE] user map page existing
[RSE] user map page begin
[RSE] user map page existing
[RSE] user map ok
[RSE] user map begin
[RSE] user map page begin
[RSE] user map page existing
[RSE] user map page begin
[RSE] user map page existing
[RSE] user map ok
[RSE] user map begin
[RSE] user map page begin
[RSE] user map page existing
[RSE] user map page begin
[RSE] user map page existing
[RSE] user map ok
[RSE] user map begin
[RSE] user map page begin
[RSE] user map page existing
[RSE] user map page begin
[RSE] user map page existing
[RSE] user map ok
[RSE] user map begin
[RSE] user map page begin
[RSE] user map page existing
[RSE] user map page begin
[RSE] user map page existing
[RSE] user map ok
[RSE] user map begin
[RSE] user map page begin
[RSE] user map page existing
[RSE] user map page begin
[RSE] user map page existing
[RSE] user map ok
[RSE] user map begin
[RSE] user map page begin
[RSE] user map page existing
[RSE] user map page begin
[RSE] user map page existing
[RSE] user map ok
[RSE] user map begin
[RSE] user map page begin
[RSE] user map page existing
[RSE] user map page begin
[RSE] user map page existing
[RSE] user map ok
[RSE] user map begin
[RSE] user map page begin
[RSE] user map page existing
[RSE] user map page begin
[RSE] user map page existing
[RSE] user map ok
[RSE] user map begin
[RSE] user map page begin
[RSE] user map page existing
[RSE] user map page begin
[RSE] user map page existing
[RSE] user map ok
[RSE] user map begin
[RSE] user map page begin
[RSE] user map page existing
[RSE] user map page begin
[RSE] user map page existing
[RSE] user map ok
[RSE] user map begin
[RSE] user map page begin
[RSE] user map page existing
[RSE] user map page begin
[RSE] user map page existing
[RSE] user map ok
[RSE] user map begin
[RSE] user map page begin
[RSE] user map page existing
[RSE] user map page begin
[RSE] user map page existing
[RSE] user map ok
[RSE] user map begin
[RSE] user map page begin
[RSE] user map page existing
[RSE] user map page begin
[RSE] user map page existing
[RSE] user map ok
[RSE] user map begin
[RSE] user map page begin
[RSE] user map page existing
[RSE] user map page begin
[RSE] user map page existing
[RSE] user map ok
[RSE] user map begin
[RSE] user map page begin
[RSE] user map page existing
[RSE] user map page begin
[RSE] user map page existing
[RSE] user map ok
[RSE] user map begin
[RSE] user map page begin
[RSE] user map page existing
[RSE] user map page begin
[RSE] user map page existing
[RSE] user map ok
[RSE] user map begin
[RSE] user map page begin
[RSE] user map page existing
[RSE] user map page begin
[RSE] user map page existing
[RSE] user map ok
[RSE] user map begin
[RSE] user map page begin
[RSE] user map page existing
[RSE] user map page begin
[RSE] user map page existing
[RSE] user map ok
[RSE] user map begin
[RSE] user map page begin
[RSE] user map page existing
[RSE] user map page begin
[RSE] user map page existing
[RSE] user map ok
[RSE] user map begin
[RSE] user map page begin
[RSE] user map page existing
[RSE] user map page begin
[RSE] user map page existing
[RSE] user map ok
[RSE] user map begin
[RSE] user map page begin
[RSE] user map page existing
[RSE] user map page begin
[RSE] user map page existing
[RSE] user map ok
[RSE] user map begin
[RSE] user map page begin
[RSE] user map page existing
[RSE] user map page begin
[RSE] user map page existing
[RSE] user map ok
[RSE] user map begin
[RSE] user map page begin
[RSE] user map page existing
[RSE] user map page begin
[RSE] user map page existing
[RSE] user map ok
[RSE] user map begin
[RSE] user map page begin
[RSE] user map page existing
[RSE] user map page begin
[RSE] user map page existing
[RSE] user map ok
[RSE] user map begin
[RSE] user map page begin
[RSE] user map page existing
[RSE] user map page begin
[RSE] user map page existing
[RSE] user map ok
[RSE] user map begin
[RSE] user map page begin
[RSE] user map page existing
[RSE] user map page begin
[RSE] user map page existing
[RSE] user map ok
[RSE] user map begin
[RSE] user map page begin
[RSE] user map page existing
[RSE] user map page begin
[RSE] user map page existing
[RSE] user map ok
[RSE] user map begin
[RSE] user map page begin
[RSE] user map page existing
[RSE] user map page begin
[RSE] user map page existing
[RSE] user map ok
[RSE] user map begin
[RSE] user map page begin
[RSE] user map page existing
[RSE] user map page begin
[RSE] user map page existing
[RSE] user map ok
[RSE] user map begin
[RSE] user map page begin
[RSE] user map page existing
[RSE] user map page begin
[RSE] user map page existing
[RSE] user map ok
[RSE] user map begin
[RSE] user map page begin
[RSE] user map page existing
[RSE] user map page begin
[RSE] user map page existing
[RSE] user map ok
[RSE] user map begin
[RSE] user map page begin
[RSE] user map page existing
[RSE] user map page begin
[RSE] user map page existing
[RSE] user map ok
[RSE] user map begin
[RSE] user map page begin
[RSE] user map page existing
[RSE] user map page begin
[RSE] user map page existing
[RSE] user map ok
[init] file ops=160 bytes=131072 cycles=19855214837
[init] ls /
dev/
persist/
bin/

[init] ls /persist
ls: empty

stat /dev/blk0 size=0 type=device
[init] loopback read=13
[RSE] user map begin
[RSE] user map page begin
[RSE] user map page existing
[RSE] user map page begin
[RSE] user map page existing
[RSE] user map ok
[init] file ops=160 bytes=131072 cycles=18167302529
[init] ls /
dev/
persist/
bin/

[init] ls /persist
ls: empty

stat /dev/blk0 size=0 type=device
[init] loopback read=13
[RSE] user map begin
[RSE] user map page begin
[RSE] user map page existing
[RSE] user map page begin
[RSE] user map page existing
[RSE] user map ok
[init] file ops=160 bytes=131072 cycles=17523318038
[init] ls /
dev/
persist/
bin/

[init] ls /persist
ls: empty

stat /dev/blk0 size=0 type=device
[init] loopback read=13
[RSE] user map begin
[RSE] user map page begin
[RSE] user map page existing
[RSE] user map page begin
[RSE] user map page existing
[RSE] user map ok
[RSE] user map begin
[RSE] user map page begin
[RSE] user map page existing
[RSE] user map page begin
[RSE] user map page existing
[RSE] user map ok
[RSE] user map begin
[RSE] user map page begin
[RSE] user map page existing
[RSE] user map page begin
[RSE] user map page existing
[RSE] user map ok
[RSE] user map begin
[RSE] user map page begin
[RSE] user map page existing
[RSE] user map page begin
[RSE] user map page existing
[RSE] user map ok
[RSE] user map begin
[RSE] user map page begin
[RSE] user map page existing
[RSE] user map page begin
[RSE] user map page existing
[RSE] user map ok
[RSE] user map begin
[RSE] user map page begin
[RSE] user map page existing
[RSE] user map page begin
[RSE] user map page existing
[RSE] user map ok
[RSE] user map begin
[RSE] user map page begin
[RSE] user map page existing
[RSE] user map page begin
[RSE] user map page existing
[RSE] user map ok
[RSE] user map begin
[RSE] user map page begin
[RSE] user map page existing
[RSE] user map page begin
[RSE] user map page existing
[RSE] user map ok
[RSE] user map begin
[RSE] user map page begin
[RSE] user map page existing
[RSE] user map page begin
[RSE] user map page existing
[RSE] user map ok
[RSE] user map begin
[RSE] user map page begin
[RSE] user map page existing
[RSE] user map page begin
[RSE] user map page existing
[RSE] user map ok
[RSE] user map begin
[RSE] user map page begin
[RSE] user map page existing
[RSE] user map page begin
[RSE] user map page existing
[RSE] user map ok
[RSE] user map begin
[RSE] user map page begin
[RSE] user map page existing
[RSE] user map page begin
[RSE] user map page existing
[RSE] user map ok
[RSE] user map begin
[RSE] user map page begin
[RSE] user map page existing
[RSE] user map page begin
[RSE] user map page existing
[RSE] user map ok
[RSE] user map begin
[RSE] user map page begin
[RSE] user map page existing
[RSE] user map page begin
[RSE] user map page existing
[RSE] user map ok
[RSE] user map begin
[RSE] user map page begin
[RSE] user map page existing
[RSE] user map page begin
[RSE] user map page existing
[RSE] user map ok
[RSE] user map begin
[RSE] user map page begin
[RSE] user map page existing
[RSE] user map page begin
[RSE] user map page existing
[RSE] user map ok
[RSE] user map begin
[RSE] user map page begin
[RSE] user map page existing
[RSE] user map page begin
[RSE] user map page existing
[RSE] user map ok
[RSE] user map begin
[RSE] user map page begin
[RSE] user map page existing
[RSE] user map page begin
[RSE] user map page existing
[RSE] user map ok
[RSE] user map begin
[RSE] user map page begin
[RSE] user map page existing
[RSE] user map page begin
[RSE] user map page existing
[RSE] user map ok
[RSE] user map begin
[RSE] user map page begin
[RSE] user map page existing
[RSE] user map page begin
[RSE] user map page existing
[RSE] user map ok
[RSE] user map begin
[RSE] user map page begin
[RSE] user map page existing
[RSE] user map page begin
[RSE] user map page existing
[RSE] user map ok
[RSE] user map begin
[RSE] user map page begin
[RSE] user map page existing
[RSE] user map page begin
[RSE] user map page existing
[RSE] user map ok
[RSE] user map begin
[RSE] user map page begin
[RSE] user map page existing
[RSE] user map page begin
[RSE] user map page existing
[RSE] user map ok
[RSE] user map begin
[RSE] user map page begin
[RSE] user map page existing
[RSE] user map page begin
[RSE] user map page existing
[RSE] user map ok
[RSE] user map begin
[RSE] user map page begin
[RSE] user map page existing
[RSE] user map page begin
[RSE] user map page existing
[RSE] user map ok
[RSE] user map begin
[RSE] user map page begin
[RSE] user map page existing
[RSE] user map page begin
[RSE] user map page existing
[RSE] user map ok
[RSE] user map begin
[RSE] user map page begin
[RSE] user map page existing
[RSE] user map page begin
[RSE] user map page existing
[RSE] user map ok
[RSE] user map begin
[RSE] user map page begin
[RSE] user map page existing
[RSE] user map page begin
[RSE] user map page existing
[RSE] user map ok
[RSE] user map begin
[RSE] user map page begin
[RSE] user map page existing
[RSE] user map page begin
[RSE] user map page existing
[RSE] user map ok
[RSE] user map begin
[RSE] user map page begin
[RSE] user map page existing
[RSE] user map page begin
[RSE] user map page existing
[RSE] user map ok
[RSE] user map begin
[RSE] user map page begin
[RSE] user map page existing
[RSE] user map page begin
[RSE] user map page existing
[RSE] user map ok
[RSE] user map begin
[RSE] user map page begin
[RSE] user map page existing
[RSE] user map page begin
[RSE] user map page existing
[RSE] user map ok
[RSE] user map begin
[RSE] user map page begin
[RSE] user map page existing
[RSE] user map page begin
[RSE] user map page existing
[RSE] user map ok
[RSE] user map begin
[RSE] user map page begin
[RSE] user map page existing
[RSE] user map page begin
[RSE] user map page existing
[RSE] user map ok
[RSE] user map begin
[RSE] user map page begin
[RSE] user map page existing
[RSE] user map page begin
[RSE] user map page existing
[RSE] user map ok
[RSE] user map begin
[RSE] user map page begin
[RSE] user map page existing
[RSE] user map page begin
[RSE] user map page existing
[RSE] user map ok
[RSE] user map begin
[RSE] user map page begin
[RSE] user map page existing
[RSE] user map page begin
[RSE] user map page existing
[RSE] user map ok
[RSE] user map begin
[RSE] user map page begin
[RSE] user map page existing
[RSE] user map page begin
[RSE] user map page existing
[RSE] user map ok
[RSE] user map begin
[RSE] user map page begin
[RSE] user map page existing
[RSE] user map page begin
[RSE] user map page existing
[RSE] user map ok
[RSE] user map begin
[RSE] user map page begin
[RSE] user map page existing
[RSE] user map page begin
[RSE] user map page existing
[RSE] user map ok
[init] /dev/blk0 ops=64 bytes=32768 mismatches=0 cycles=700386566
[RSE] user map begin
[RSE] user map page begin
[RSE] user map page existing
[RSE] user map page begin
[RSE] user map page existing
[RSE] user map ok
[init] /dev/blk0 ops=64 bytes=32768 mismatches=0 cycles=663561702
[RSE] user map begin
[RSE] user map page begin
[RSE] user map page existing
[RSE] user map page begin
[RSE] user map page existing
[RSE] user map ok
[init] /dev/blk0 ops=64 bytes=32768 mismatches=0 cycles=627587489
[RSE] user map begin
[RSE] user map page begin
[RSE] user map page existing
[RSE] user map page begin
[RSE] user map page existing
[RSE] user map ok
[RSE] user map begin
[RSE] user map page begin
[RSE] user map page existing
[RSE] user map page begin
[RSE] user map page existing
[RSE] user map ok
[RSE] user map begin
[RSE] user map page begin
[RSE] user map page existing
[RSE] user map page begin
[RSE] user map page existing
[RSE] user map ok
[RSE] user map begin
[RSE] user map page begin
[RSE] user map page existing
[RSE] user map page begin
[RSE] user map page existing
[RSE] user map ok
[RSE] user map begin
[RSE] user map page begin
[RSE] user map page existing
[RSE] user map page begin
[RSE] user map page existing
[RSE] user map ok
[RSE] user map begin
[RSE] user map page begin
[RSE] user map page existing
[RSE] user map page begin
[RSE] user map page existing
[RSE] user map ok
[RSE] user mode smoke ok
[RSE] user mode exec smoke done
[RSE] compute benchmark start
[RSE] compute ops=400000 cycles=18761461 cycles/op=46 checksum=4180332335208930419
[RSE] compute ns=6469469 ns/op=16
[RSE] memory benchmark start
[RSE] memory bytes=67108864 cycles=999031090 cycles/byte=14
[RSE] memory ns=344493479 ns/byte=5
[RSE] ramfs benchmark start
[RSE] ramfs ops=192 cycles=10246560 cycles/op=53367 checksum=8355840 files=0
[RSE] ramfs ns=3533296 ns/op=18402
[RSE] fastio benchmark start
[RSE] fastio bytes=2097152 cycles=40373908 cycles/byte=19
[RSE] fastio ns=13922037 ns/byte=6
[RSE] UEFI FS benchmark start
[RSE] UEFI FS ops=72 cycles=213824848 cycles/op=2969789 checksum=6266880
[RSE] UEFI FS ns=73732706 ns/op=1024065
[RSE] UEFI block benchmark start
[RSE] UEFI block bytes=131072 write cycles=1442056 write cycles/byte=11 read cycles=2061359 read cycles/byte=15 checksum=16711680
[RSE] UEFI block ns write=497260 ns/byte=3 read ns=710813 ns/byte=5
[RSE] virtio-blk capacity=131072
[RSE] virtio-blk modern online
[RSE] virtio-blk benchmark start
[RSE] virtio-blk bytes=512 write cycles=6822400 write cycles/byte=13325 read cycles=821593 read cycles/byte=1604 checksum=65280
[RSE] virtio-blk ns write=2352551 ns/byte=4594 read ns=283307 ns/byte=553
[RSE] net arp bytes=0 cycles=11831840
[RSE] net arp ns=4079944
[RSE] udp/http server benchmark start
[RSE] udp/http server rx=0 udp=0 http=0 cycles=2845081
[RSE] udp/http server ns=981062
[RSE] http loopback benchmark start
[RSE] http requests=20000 cycles=14965589 cycles/req=748 checksum=87460000
[RSE] http ns=5160547 ns/req=258
[RSE] benchmarks end
[RSE] auto shutdown
